2025/08/19 23:00:58 Starting Axenta Backend Server...
2025/08/19 23:00:58 === Application Configuration ===
2025/08/19 23:00:58 Environment: development
2025/08/19 23:00:58 Port: 8080
2025/08/19 23:00:58 Database Host: localhost:5432
2025/08/19 23:00:58 Database Name: axenta_db
2025/08/19 23:00:58 Redis Host: localhost:6379
2025/08/19 23:00:58 Axenta API URL: https://api.axetna.cloud
2025/08/19 23:00:58 JWT Issuer: axenta-crm
2025/08/19 23:00:58 Log Level: info
2025/08/19 23:00:58 Debug Mode: false
2025/08/19 23:00:58 ================================
2025/08/19 23:00:58 ✅ База данных 'axenta_db' уже существует
2025/08/19 23:00:58 ✅ Успешно подключено к PostgreSQL
2025/08/19 23:00:58 🔄 Выполняем автомиграцию моделей...

2025/08/19 23:00:58 [32m/Users/com/backend_axenta/database/database.go:166
[0m[33m[6.612ms] [34;1m[rows:1][0m SELECT count(*) FROM information_schema.tables WHERE table_schema = CURRENT_SCHEMA() AND table_name = 'billing_plans' AND table_type = 'BASE TABLE'

2025/08/19 23:00:58 [32m/Users/com/backend_axenta/database/database.go:166
[0m[33m[0.438ms] [34;1m[rows:1][0m SELECT CURRENT_DATABASE()

2025/08/19 23:00:58 [32m/Users/com/backend_axenta/database/database.go:166
[0m[33m[18.916ms] [34;1m[rows:-][0m SELECT c.column_name, c.is_nullable = 'YES', c.udt_name, c.character_maximum_length, c.numeric_precision, c.numeric_precision_radix, c.numeric_scale, c.datetime_precision, 8 * typlen, c.column_default, pd.description, c.identity_increment FROM information_schema.columns AS c JOIN pg_type AS pgt ON c.udt_name = pgt.typname LEFT JOIN pg_catalog.pg_description as pd ON pd.objsubid = c.ordinal_position AND pd.objoid = (SELECT oid FROM pg_catalog.pg_class WHERE relname = c.table_name AND relnamespace = (SELECT oid FROM pg_catalog.pg_namespace WHERE nspname = c.table_schema)) where table_catalog = 'axenta_db' AND table_schema = CURRENT_SCHEMA() AND table_name = 'billing_plans'

2025/08/19 23:00:58 [31;1m/Users/com/backend_axenta/database/database.go:166 [35;1minsufficient arguments
[0m[33m[0.029ms] [34;1m[rows:-][0m SELECT * FROM "billing_plans" LIMIT 1
2025/08/19 23:00:58 Failed to connect to database: ошибка автомиграции: ошибка автомиграции: insufficient arguments
exit status 1
