2025/10/09 20:17:04 Starting Axenta Backend Server with Local Auth...
2025/10/09 20:17:04 === Application Configuration ===
2025/10/09 20:17:04 Environment: development
2025/10/09 20:17:04 Port: 8080
2025/10/09 20:17:04 Database Host: localhost:5432
2025/10/09 20:17:04 Database Name: axenta_db
2025/10/09 20:17:04 Redis Host: localhost:6379
2025/10/09 20:17:04 Axenta API URL: https://api.axetna.cloud
2025/10/09 20:17:04 JWT Issuer: axenta-crm
2025/10/09 20:17:04 Log Level: info
2025/10/09 20:17:04 Debug Mode: false
2025/10/09 20:17:04 ================================
2025/10/09 20:17:04 ✅ База данных 'axenta_db' уже существует
2025/10/09 20:17:04 ✅ Успешно подключено к PostgreSQL
2025/10/09 20:17:04 ⚠️ Автомиграция отключена - используем существующие таблицы
2025/10/09 20:17:04 ✅ Успешно подключено к Redis
2025/10/09 20:17:04 🔧 Setting up local auth tables...

2025/10/09 20:17:04 [32m/Users/com/backend_axenta/cmd/server/main_local_auth.go:50
[0m[33m[8.945ms] [34;1m[rows:1][0m SELECT count(*) FROM information_schema.tables WHERE table_schema = CURRENT_SCHEMA() AND table_name = 'companies' AND table_type = 'BASE TABLE'

2025/10/09 20:17:04 [32m/Users/com/backend_axenta/cmd/server/main_local_auth.go:50
[0m[33m[0.336ms] [34;1m[rows:1][0m SELECT CURRENT_DATABASE()

2025/10/09 20:17:04 [32m/Users/com/backend_axenta/cmd/server/main_local_auth.go:50
[0m[33m[15.917ms] [34;1m[rows:-][0m SELECT c.column_name, c.is_nullable = 'YES', c.udt_name, c.character_maximum_length, c.numeric_precision, c.numeric_precision_radix, c.numeric_scale, c.datetime_precision, 8 * typlen, c.column_default, pd.description, c.identity_increment FROM information_schema.columns AS c JOIN pg_type AS pgt ON c.udt_name = pgt.typname LEFT JOIN pg_catalog.pg_description as pd ON pd.objsubid = c.ordinal_position AND pd.objoid = (SELECT oid FROM pg_catalog.pg_class WHERE relname = c.table_name AND relnamespace = (SELECT oid FROM pg_catalog.pg_namespace WHERE nspname = c.table_schema)) where table_catalog = 'postgres' AND table_schema = CURRENT_SCHEMA() AND table_name = 'companies'

2025/10/09 20:17:04 [31;1m/Users/com/backend_axenta/cmd/server/main_local_auth.go:50 [35;1minsufficient arguments
[0m[33m[0.028ms] [34;1m[rows:-][0m SELECT * FROM "companies" LIMIT 1
2025/10/09 20:17:04 Warning: Failed to migrate local auth models: insufficient arguments
2025/10/09 20:17:04 Tables may already exist or will be created manually
[GIN-debug] [WARNING] Creating an Engine instance with the Logger and Recovery middleware already attached.

[GIN-debug] [WARNING] Running in "debug" mode. Switch to "release" mode in production.
 - using env:	export GIN_MODE=release
 - using code:	gin.SetMode(gin.ReleaseMode)

[GIN-debug] GET    /ping                     --> main.main.func1 (4 handlers)
[GIN-debug] POST   /api/local/login          --> backend_axenta/api.(*LocalAuthAPI).LocalLogin-fm (4 handlers)
[GIN-debug] POST   /api/local/refresh        --> backend_axenta/api.(*LocalAuthAPI).RefreshToken-fm (4 handlers)
[GIN-debug] GET    /api/local/current_user   --> backend_axenta/api.(*LocalAuthAPI).LocalCurrentUser-fm (5 handlers)
[GIN-debug] POST   /api/local/logout         --> backend_axenta/api.(*LocalAuthAPI).LocalLogout-fm (5 handlers)
[GIN-debug] POST   /api/local/register       --> backend_axenta/api.(*LocalAuthAPI).RegisterLocalUser-fm (6 handlers)
[GIN-debug] POST   /api/auth/login           --> backend_axenta/api.Login (4 handlers)
[GIN-debug] GET    /ws/live-data/:company_id --> backend_axenta/api.(*WebSocketAuthAPI).LiveData-fm (4 handlers)
[GIN-debug] GET    /api/local/test           --> main.main.func2 (6 handlers)
[GIN-debug] GET    /api/admin/test           --> main.main.func3 (6 handlers)
2025/10/09 20:17:04 🚀 Server starting on port 8080
2025/10/09 20:17:04 📝 Local Auth endpoints:
2025/10/09 20:17:04    POST /api/local/login - Local login
2025/10/09 20:17:04    POST /api/local/refresh - Refresh token
2025/10/09 20:17:04    GET  /api/local/current_user - Current user
2025/10/09 20:17:04    POST /api/local/logout - Logout
2025/10/09 20:17:04    POST /api/local/register - Register user (admin only)
2025/10/09 20:17:04 🌐 WebSocket endpoint:
2025/10/09 20:17:04    WS   /ws/live-data/:company_id - Live data with auth
2025/10/09 20:17:04 🔗 Original Axenta Cloud endpoint:
2025/10/09 20:17:04    POST /api/auth/login - Axenta Cloud login
2025/10/09 20:17:18 LOCAL_AUTH_LOG: {"auth_type":"local","company_id":"","ip_address":"::1","operation":"login_attempt","timestamp":"2025-10-09T20:17:18+03:00","user_agent":"curl/8.7.1","user_id":"","username":"admin"}

2025/10/09 20:17:18 [32m/Users/com/backend_axenta/api/local_auth.go:106
[0m[33m[6.403ms] [34;1m[rows:1][0m SELECT * FROM "local_users" WHERE (username = 'admin' AND is_active = true) AND "local_users"."deleted_at" IS NULL ORDER BY "local_users"."id" LIMIT 1

2025/10/09 20:17:18 [32m/Users/com/backend_axenta/services/jwt_service.go:117
[0m[33m[6.502ms] [34;1m[rows:1][0m INSERT INTO "refresh_tokens" ("user_id","token","expires_at","created_at","is_revoked") VALUES (1,'0b18e3743491d11bce24d5e87187bb62c3f7644339c85dae26fc47261f3250ec','2025-10-16 20:17:18.608','2025-10-09 20:17:18.608',false) RETURNING "id"

2025/10/09 20:17:18 [32m/Users/com/backend_axenta/models/local_user.go:56
[0m[33m[1.179ms] [34;1m[rows:1][0m UPDATE "local_users" SET "last_login"='2025-10-09 20:17:18.615',"login_count"=2,"updated_at"='2025-10-09 20:17:18.615' WHERE "local_users"."deleted_at" IS NULL AND "id" = 1
2025/10/09 20:17:18 LOCAL_AUTH_LOG: {"auth_type":"local","company_id":"4e12b3c9-529c-4fe7-98e1-025eed8cb258","operation":"login_success","role":"admin","status":"success","timestamp":"2025-10-09T20:17:18+03:00","user_id":"1","username":"admin"}
[GIN] 2025/10/09 - 20:17:18 | 200 |    89.65175ms |             ::1 | POST     "/api/local/login"
2025/10/09 20:18:31 LOCAL_AUTH_LOG: {"auth_type":"local","company_id":"","ip_address":"::1","operation":"login_attempt","timestamp":"2025-10-09T20:18:31+03:00","user_agent":"curl/8.7.1","user_id":"","username":"admin"}

2025/10/09 20:18:31 [32m/Users/com/backend_axenta/api/local_auth.go:106
[0m[33m[22.180ms] [34;1m[rows:1][0m SELECT * FROM "local_users" WHERE (username = 'admin' AND is_active = true) AND "local_users"."deleted_at" IS NULL ORDER BY "local_users"."id" LIMIT 1

2025/10/09 20:18:31 [32m/Users/com/backend_axenta/services/jwt_service.go:117
[0m[33m[11.293ms] [34;1m[rows:1][0m INSERT INTO "refresh_tokens" ("user_id","token","expires_at","created_at","is_revoked") VALUES (1,'6eaea97a604a724e3c2e3cdddcf59ce9e537391b8e9d820a96cb85346d317a17','2025-10-16 20:18:31.777','2025-10-09 20:18:31.782',false) RETURNING "id"

2025/10/09 20:18:31 [32m/Users/com/backend_axenta/models/local_user.go:56
[0m[33m[2.282ms] [34;1m[rows:1][0m UPDATE "local_users" SET "last_login"='2025-10-09 20:18:31.789',"login_count"=3,"updated_at"='2025-10-09 20:18:31.789' WHERE "local_users"."deleted_at" IS NULL AND "id" = 1
2025/10/09 20:18:31 LOCAL_AUTH_LOG: {"auth_type":"local","company_id":"4e12b3c9-529c-4fe7-98e1-025eed8cb258","operation":"login_success","role":"admin","status":"success","timestamp":"2025-10-09T20:18:31+03:00","user_id":"1","username":"admin"}
[GIN] 2025/10/09 - 20:18:31 | 200 |  110.040084ms |             ::1 | POST     "/api/local/login"

2025/10/09 20:18:38 [32m/Users/com/backend_axenta/api/local_auth.go:219
[0m[33m[3.815ms] [34;1m[rows:1][0m SELECT * FROM "local_users" WHERE "local_users"."id" = 1 AND "local_users"."deleted_at" IS NULL ORDER BY "local_users"."id" LIMIT 1
[GIN] 2025/10/09 - 20:18:38 | 200 |      4.8755ms |             ::1 | GET      "/api/local/current_user"

2025/10/09 20:18:45 [31;1m/Users/com/backend_axenta/api/local_auth.go:284 [35;1mrecord not found
[0m[33m[3.311ms] [34;1m[rows:0][0m SELECT * FROM "local_users" WHERE username = 'manager' AND "local_users"."deleted_at" IS NULL ORDER BY "local_users"."id" LIMIT 1

2025/10/09 20:18:45 [32m/Users/com/backend_axenta/api/local_auth.go:312
[0m[33m[4.233ms] [34;1m[rows:1][0m INSERT INTO "local_users" ("username","password_hash","company_id","role","email","name","is_active","last_login","login_count","created_at","updated_at","deleted_at") VALUES ('manager','$2a$10$0fCLzKamU6rVwhguMjEcaeUtz6MAGiISJImOxW7eRjmhpvJ76mula','4e12b3c9-529c-4fe7-98e1-025eed8cb258','manager','manager@axenta.local','Менеджер',true,NULL,0,'2025-10-09 20:18:45.638','2025-10-09 20:18:45.638',NULL) RETURNING "id"
2025/10/09 20:18:45 LOCAL_AUTH_LOG: {"auth_type":"local","company_id":"4e12b3c9-529c-4fe7-98e1-025eed8cb258","operation":"user_registered","role":"manager","status":"success","timestamp":"2025-10-09T20:18:45+03:00","user_id":"2","username":"manager"}
[GIN] 2025/10/09 - 20:18:45 | 201 |   71.201292ms |             ::1 | POST     "/api/local/register"
2025/10/09 20:18:51 LOCAL_AUTH_LOG: {"auth_type":"local","company_id":"","ip_address":"::1","operation":"login_attempt","timestamp":"2025-10-09T20:18:51+03:00","user_agent":"curl/8.7.1","user_id":"","username":"manager"}

2025/10/09 20:18:51 [32m/Users/com/backend_axenta/api/local_auth.go:106
[0m[33m[2.522ms] [34;1m[rows:1][0m SELECT * FROM "local_users" WHERE (username = 'manager' AND is_active = true) AND "local_users"."deleted_at" IS NULL ORDER BY "local_users"."id" LIMIT 1

2025/10/09 20:18:51 [32m/Users/com/backend_axenta/services/jwt_service.go:117
[0m[33m[3.214ms] [34;1m[rows:1][0m INSERT INTO "refresh_tokens" ("user_id","token","expires_at","created_at","is_revoked") VALUES (2,'7b5a74df60f588df7aace01785e5e9cef881a208d31a00aa42334deaa655feb2','2025-10-16 20:18:51.41','2025-10-09 20:18:51.411',false) RETURNING "id"

2025/10/09 20:18:51 [32m/Users/com/backend_axenta/models/local_user.go:56
[0m[33m[0.535ms] [34;1m[rows:1][0m UPDATE "local_users" SET "last_login"='2025-10-09 20:18:51.413',"login_count"=1,"updated_at"='2025-10-09 20:18:51.413' WHERE "local_users"."deleted_at" IS NULL AND "id" = 2
2025/10/09 20:18:51 LOCAL_AUTH_LOG: {"auth_type":"local","company_id":"4e12b3c9-529c-4fe7-98e1-025eed8cb258","operation":"login_success","role":"manager","status":"success","timestamp":"2025-10-09T20:18:51+03:00","user_id":"2","username":"manager"}
[GIN] 2025/10/09 - 20:18:51 | 200 |   67.530875ms |             ::1 | POST     "/api/local/login"
[GIN] 2025/10/09 - 20:18:57 | 200 |      960.75µs |             ::1 | GET      "/ping"
[GIN] 2025/10/09 - 20:19:29 | 403 |    1.008083ms |             ::1 | OPTIONS  "/api/auth/login"
[GIN] 2025/10/09 - 20:19:34 | 403 |      26.458µs |             ::1 | OPTIONS  "/api/auth/login"
[GIN] 2025/10/09 - 20:19:35 | 403 |       4.875µs |             ::1 | OPTIONS  "/api/auth/login"
[GIN] 2025/10/09 - 20:19:54 | 403 |       4.042µs |             ::1 | OPTIONS  "/api/auth/login"
[GIN] 2025/10/09 - 20:21:01 | 403 |     712.041µs |             ::1 | OPTIONS  "/api/local/login"
[GIN] 2025/10/09 - 20:21:09 | 403 |      12.917µs |             ::1 | OPTIONS  "/api/auth/login"
2025/10/09 20:22:03 AUTH_LOG: {"company_id":"","ip_address":"::1","operation":"login_attempt","timestamp":"2025-10-09T20:22:03+03:00","user_agent":"curl/8.7.1","user_id":"","username":"ваш_логин"}
2025/10/09 20:22:04 AUTH_LOG: {"company_id":"","content_type":"application/json","operation":"axenta_login_response","response_code":400,"response_size":132,"timestamp":"2025-10-09T20:22:04+03:00","user_id":"","username":"ваш_логин"}
2025/10/09 20:22:04 AUTH_LOG: {"company_id":"","operation":"axenta_login_failed","response_body":"{\"detail\":[\"Невозможно войти в систему с предоставленными учетными данными\"]}","response_code":400,"status":"failed","timestamp":"2025-10-09T20:22:04+03:00","user_id":"","username":"ваш_логин"}
[GIN] 2025/10/09 - 20:22:04 | 401 |  1.259684917s |             ::1 | POST     "/api/auth/login"
[GIN] 2025/10/09 - 20:24:12 | 403 |    1.503209ms |             ::1 | OPTIONS  "/api/auth/login"
[GIN] 2025/10/09 - 20:24:18 | 403 |      35.125µs |             ::1 | OPTIONS  "/api/auth/login"
[GIN] 2025/10/09 - 20:24:27 | 403 |     115.708µs |             ::1 | OPTIONS  "/api/auth/login"
[GIN] 2025/10/09 - 20:24:28 | 403 |      11.708µs |             ::1 | OPTIONS  "/api/auth/login"
[GIN] 2025/10/09 - 20:24:29 | 403 |      46.875µs |             ::1 | OPTIONS  "/api/auth/login"
[GIN] 2025/10/09 - 20:24:30 | 403 |      36.792µs |             ::1 | OPTIONS  "/api/auth/login"
[GIN] 2025/10/09 - 20:28:28 | 200 |    4.241125ms |             ::1 | GET      "/ping"
[GIN] 2025/10/09 - 20:28:35 | 403 |    1.869166ms |             ::1 | OPTIONS  "/api/auth/login"
