2025/10/15 22:28:15 Starting Axenta Backend Server...
2025/10/15 22:28:15 🔧 DEBUG: Main function started
2025/10/15 22:28:15 === Application Configuration ===
2025/10/15 22:28:15 Environment: development
2025/10/15 22:28:15 Port: 8080
2025/10/15 22:28:15 Database Host: localhost:5432
2025/10/15 22:28:15 Database Name: axenta_db
2025/10/15 22:28:15 Redis Host: localhost:6379
2025/10/15 22:28:15 Axenta API URL: https://api.axetna.cloud
2025/10/15 22:28:15 JWT Issuer: axenta-crm
2025/10/15 22:28:15 Log Level: info
2025/10/15 22:28:15 Debug Mode: false
2025/10/15 22:28:15 ================================
2025/10/15 22:28:15 ✅ База данных 'axenta_db' уже существует
2025/10/15 22:28:15 ✅ Успешно подключено к PostgreSQL (пул: 20/100 соединений)
2025/10/15 22:28:15 ⚠️ Миграции пропущены для тестирования
2025/10/15 22:28:15 ✅ Успешно подключено к Redis (пул: 10/20 соединений)
2025/10/15 22:28:15 ⚠️ Integration Service temporarily disabled
2025/10/15 22:28:15 ⚠️ Bitrix24 Integration Service temporarily disabled
2025/10/15 22:28:15 ✅ 1C Integration Service initialized successfully
2025/10/15 22:28:15 ⚠️ Notification System temporarily disabled
2025/10/15 22:28:15 🔧 Initializing default Axenta roles in public schema...
2025/10/15 22:28:15 ✅ Default Axenta roles initialized successfully in public schema
[GIN-debug] [WARNING] Creating an Engine instance with the Logger and Recovery middleware already attached.

[GIN-debug] [WARNING] Running in "debug" mode. Switch to "release" mode in production.
 - using env:	export GIN_MODE=release
 - using code:	gin.SetMode(gin.ReleaseMode)

[GIN-debug] GET    /ping                     --> main.main.func1 (4 handlers)
[GIN-debug] POST   /api/auth/login           --> backend_axenta/api.Login (4 handlers)
[GIN-debug] GET    /api/debug/roles          --> backend_axenta/api.TestRolesCreation (4 handlers)
[GIN-debug] GET    /api/debug/user-role      --> backend_axenta/api.TestUserWithRole (4 handlers)
[GIN-debug] GET    /api/public/roles         --> backend_axenta/api.GetRolesPublic (4 handlers)
[GIN-debug] GET    /api/public/user-templates --> backend_axenta/api.GetUserTemplatesPublic (4 handlers)
[GIN-debug] POST   /api/local/login          --> backend_axenta/api.(*LocalAuthAPI).LocalLogin-fm (4 handlers)
[GIN-debug] POST   /api/local/refresh        --> backend_axenta/api.(*LocalAuthAPI).RefreshToken-fm (4 handlers)
[GIN-debug] GET    /api/local/current_user   --> backend_axenta/api.(*LocalAuthAPI).LocalCurrentUser-fm (5 handlers)
[GIN-debug] POST   /api/local/logout         --> backend_axenta/api.(*LocalAuthAPI).LocalLogout-fm (5 handlers)
[GIN-debug] POST   /api/local/register       --> backend_axenta/api.(*LocalAuthAPI).RegisterLocalUser-fm (6 handlers)
[GIN-debug] GET    /ws/live-data/:company_id --> backend_axenta/api.(*WebSocketAuthAPI).LiveData-fm (4 handlers)
[GIN-debug] GET    /api/test-objects-stats   --> main.main.func2 (4 handlers)
[GIN-debug] GET    /api/objects              --> main.main.func4 (4 handlers)
[GIN-debug] GET    /api/objects/             --> main.main.func4 (4 handlers)
[GIN-debug] GET    /api/objects/:id          --> main.main.func5 (4 handlers)
[GIN-debug] GET    /api/objects/:id/         --> main.main.func5 (4 handlers)
[GIN-debug] GET    /api/objects/stats        --> main.main.func6 (4 handlers)
[GIN-debug] GET    /api/objects/stats/       --> main.main.func6 (4 handlers)
[GIN-debug] GET    /api/object-templates     --> main.main.func7 (4 handlers)
[GIN-debug] GET    /api/object-templates/    --> main.main.func7 (4 handlers)
[GIN-debug] POST   /api/objects              --> main.main.func8 (4 handlers)
[GIN-debug] POST   /api/objects/             --> main.main.func8 (4 handlers)
[GIN-debug] POST   /api/objects/:id/create-template --> main.main.func9 (4 handlers)
[GIN-debug] POST   /api/objects/:id/create-template/ --> main.main.func9 (4 handlers)
[GIN-debug] PUT    /api/objects/:id          --> main.main.func10 (4 handlers)
[GIN-debug] PUT    /api/objects/:id/         --> main.main.func10 (4 handlers)
[GIN-debug] GET    /api/dashboard/stats      --> backend_axenta/api.GetDashboardStatsSimple (4 handlers)
[GIN-debug] GET    /api/dashboard/activity   --> backend_axenta/api.GetDashboardActivitySimple (4 handlers)
[GIN-debug] GET    /api/dashboard/layouts    --> backend_axenta/api.GetDashboardLayouts (4 handlers)
[GIN-debug] GET    /api/dashboard/layouts/default --> backend_axenta/api.GetDefaultDashboardLayout (4 handlers)
[GIN-debug] GET    /api/notifications        --> backend_axenta/api.GetDashboardNotificationsSimple (4 handlers)
[GIN-debug] GET    /api/billing-plans-simple --> backend_axenta/api.GetBillingPlansSimple (4 handlers)
[GIN-debug] GET    /api/subscriptions-simple --> backend_axenta/api.GetSubscriptionsSimple (4 handlers)
[GIN-debug] GET    /api/admin/accounts       --> backend_axenta/api.(*CompaniesAPI).GetCompanies-fm (5 handlers)
[GIN-debug] POST   /api/admin/accounts       --> backend_axenta/api.(*CompaniesAPI).CreateCompany-fm (5 handlers)
[GIN-debug] GET    /api/admin/accounts/filter-options --> backend_axenta/api.(*CompaniesAPI).GetFilterOptions-fm (5 handlers)
[GIN-debug] GET    /api/admin/accounts/list  --> backend_axenta/api.(*CompaniesAPI).GetCompaniesList-fm (5 handlers)
[GIN-debug] POST   /api/admin/accounts/bulk-delete --> backend_axenta/api.(*CompaniesAPI).BulkDeleteCompanies-fm (5 handlers)
[GIN-debug] POST   /api/admin/accounts/bulk-activate --> backend_axenta/api.(*CompaniesAPI).BulkActivateCompanies-fm (5 handlers)
[GIN-debug] POST   /api/admin/accounts/bulk-deactivate --> backend_axenta/api.(*CompaniesAPI).BulkDeactivateCompanies-fm (5 handlers)
[GIN-debug] GET    /api/admin/accounts/:id   --> backend_axenta/api.(*CompaniesAPI).GetCompany-fm (5 handlers)
[GIN-debug] PUT    /api/admin/accounts/:id   --> backend_axenta/api.(*CompaniesAPI).UpdateCompany-fm (5 handlers)
[GIN-debug] DELETE /api/admin/accounts/:id   --> backend_axenta/api.(*CompaniesAPI).DeleteCompany-fm (5 handlers)
[GIN-debug] PUT    /api/admin/accounts/:id/activate --> backend_axenta/api.(*CompaniesAPI).ActivateCompany-fm (5 handlers)
[GIN-debug] PUT    /api/admin/accounts/:id/deactivate --> backend_axenta/api.(*CompaniesAPI).DeactivateCompany-fm (5 handlers)
[GIN-debug] GET    /api/admin/accounts/:id/usage --> backend_axenta/api.(*CompaniesAPI).GetCompanyUsage-fm (5 handlers)
[GIN-debug] POST   /api/admin/accounts/:id/test-connection --> backend_axenta/api.(*CompaniesAPI).TestCompanyConnection-fm (5 handlers)
[GIN-debug] GET    /api/test/installations   --> backend_axenta/api.(*InstallationAPI).GetInstallations-fm (4 handlers)
[GIN-debug] GET    /api/test/installations/statistics --> main.main.func11 (4 handlers)
[GIN-debug] GET    /api/test/installers      --> backend_axenta/api.(*InstallerAPI).GetInstallers-fm (4 handlers)
[GIN-debug] GET    /api/test/locations       --> backend_axenta/api.(*LocationAPI).GetLocations-fm (4 handlers)
[GIN-debug] GET    /api/test/equipment       --> backend_axenta/api.(*EquipmentAPI).GetEquipment-fm (4 handlers)
2025/10/15 22:28:15 🔧 Registering authenticated API endpoints...
2025/10/15 22:28:15 ✅ Axenta Cloud authentication enabled for /api/auth endpoints (without multitenancy)
2025/10/15 22:28:15 🔧 Registering Axenta Cloud proxy endpoints...
[GIN-debug] GET    /api/auth/objects         --> backend_axenta/api.GetObjectsFromAxentaCloud (5 handlers)
[GIN-debug] GET    /api/auth/objects/        --> backend_axenta/api.GetObjectsFromAxentaCloud (5 handlers)
[GIN-debug] GET    /api/auth/objects/stats   --> backend_axenta/api.GetObjectsStatsFromAxentaCloud (5 handlers)
[GIN-debug] GET    /api/auth/objects/stats/  --> backend_axenta/api.GetObjectsStatsFromAxentaCloud (5 handlers)
[GIN-debug] GET    /api/auth/cms/objects     --> backend_axenta/api.GetObjectsFromAxentaCloud (5 handlers)
[GIN-debug] GET    /api/auth/cms/objects/    --> backend_axenta/api.GetObjectsFromAxentaCloud (5 handlers)
[GIN-debug] GET    /api/auth/cms/objects/stats --> backend_axenta/api.GetObjectsStatsFromAxentaCloud (5 handlers)
[GIN-debug] GET    /api/auth/cms/objects/stats/ --> backend_axenta/api.GetObjectsStatsFromAxentaCloud (5 handlers)
[GIN-debug] GET    /api/auth/objects/:id     --> backend_axenta/api.GetObject (5 handlers)
[GIN-debug] GET    /api/auth/objects/:id/    --> backend_axenta/api.GetObject (5 handlers)
[GIN-debug] POST   /api/auth/objects         --> backend_axenta/api.CreateObject (5 handlers)
[GIN-debug] POST   /api/auth/objects/        --> backend_axenta/api.CreateObject (5 handlers)
[GIN-debug] PUT    /api/auth/objects/:id     --> backend_axenta/api.UpdateObject (5 handlers)
[GIN-debug] PUT    /api/auth/objects/:id/    --> backend_axenta/api.UpdateObject (5 handlers)
[GIN-debug] DELETE /api/auth/objects/:id     --> backend_axenta/api.DeleteObject (5 handlers)
[GIN-debug] DELETE /api/auth/objects/:id/    --> backend_axenta/api.DeleteObject (5 handlers)
[GIN-debug] PUT    /api/auth/objects/:id/schedule-delete --> backend_axenta/api.ScheduleObjectDelete (5 handlers)
[GIN-debug] PUT    /api/auth/objects/:id/schedule-delete/ --> backend_axenta/api.ScheduleObjectDelete (5 handlers)
[GIN-debug] PUT    /api/auth/objects/:id/cancel-delete --> backend_axenta/api.CancelScheduledDelete (5 handlers)
[GIN-debug] PUT    /api/auth/objects/:id/cancel-delete/ --> backend_axenta/api.CancelScheduledDelete (5 handlers)
[GIN-debug] GET    /api/auth/objects-trash   --> backend_axenta/api.GetDeletedObjects (5 handlers)
[GIN-debug] GET    /api/auth/objects-trash/  --> backend_axenta/api.GetDeletedObjects (5 handlers)
[GIN-debug] PUT    /api/auth/objects/:id/restore --> backend_axenta/api.RestoreObject (5 handlers)
[GIN-debug] PUT    /api/auth/objects/:id/restore/ --> backend_axenta/api.RestoreObject (5 handlers)
[GIN-debug] DELETE /api/auth/objects/:id/permanent --> backend_axenta/api.PermanentDeleteObject (5 handlers)
[GIN-debug] DELETE /api/auth/objects/:id/permanent/ --> backend_axenta/api.PermanentDeleteObject (5 handlers)
[GIN-debug] GET    /api/auth/cms/trash       --> backend_axenta/api.GetDeletedObjectsFromAxentaCloud (5 handlers)
[GIN-debug] GET    /api/auth/cms/trash/      --> backend_axenta/api.GetDeletedObjectsFromAxentaCloud (5 handlers)
[GIN-debug] GET    /api/auth/object-templates --> main.main.func12 (5 handlers)
[GIN-debug] GET    /api/auth/object-templates/ --> main.main.func13 (5 handlers)
2025/10/15 22:28:15 🔧 Registering users proxy endpoints...
[GIN-debug] GET    /api/auth/users           --> backend_axenta/api.GetUsersFromAxentaCloud (5 handlers)
[GIN-debug] GET    /api/auth/users/          --> backend_axenta/api.GetUsersFromAxentaCloud (5 handlers)
[GIN-debug] GET    /api/auth/users/stats     --> backend_axenta/api.GetUsersStatsFromAxentaCloud (5 handlers)
[GIN-debug] GET    /api/auth/users/stats/    --> backend_axenta/api.GetUsersStatsFromAxentaCloud (5 handlers)
[GIN-debug] GET    /api/auth/cms/users       --> backend_axenta/api.GetUsersFromAxentaCloud (5 handlers)
[GIN-debug] GET    /api/auth/cms/users/      --> backend_axenta/api.GetUsersFromAxentaCloud (5 handlers)
[GIN-debug] GET    /api/auth/cms/users/stats --> backend_axenta/api.GetUsersStatsFromAxentaCloud (5 handlers)
[GIN-debug] GET    /api/auth/cms/users/stats/ --> backend_axenta/api.GetUsersStatsFromAxentaCloud (5 handlers)
[GIN-debug] GET    /api/auth/cms/users/:id   --> backend_axenta/api.GetUser (5 handlers)
[GIN-debug] GET    /api/auth/cms/users/:id/  --> backend_axenta/api.GetUser (5 handlers)
[GIN-debug] POST   /api/auth/cms/update_user_password/ --> backend_axenta/api.UpdateUserPassword (5 handlers)
[GIN-debug] POST   /api/auth/cms/users       --> backend_axenta/api.CreateCmsUser (6 handlers)
[GIN-debug] POST   /api/auth/cms/users/      --> backend_axenta/api.CreateCmsUser (6 handlers)
[GIN-debug] GET    /api/auth/local/users/:id --> backend_axenta/api.GetUser (5 handlers)
[GIN-debug] POST   /api/auth/local/users     --> backend_axenta/api.CreateUser (5 handlers)
2025/10/15 22:28:15 🔧 Registering accounts proxy endpoints...
[GIN-debug] GET    /api/auth/accounts        --> backend_axenta/handlers.(*AccountsHandler).GetAccounts-fm (5 handlers)
[GIN-debug] GET    /api/auth/accounts/       --> backend_axenta/handlers.(*AccountsHandler).GetAccounts-fm (5 handlers)
[GIN-debug] GET    /api/auth/accounts/:id    --> backend_axenta/handlers.(*AccountsHandler).GetAccount-fm (5 handlers)
[GIN-debug] GET    /api/auth/accounts/:id/   --> backend_axenta/handlers.(*AccountsHandler).GetAccount-fm (5 handlers)
[GIN-debug] GET    /api/auth/admin/accounts/list --> main.main.func14 (5 handlers)
[GIN-debug] PUT    /api/auth/users/:id       --> backend_axenta/api.UpdateUser (5 handlers)
[GIN-debug] DELETE /api/auth/users/:id       --> backend_axenta/api.DeleteUser (5 handlers)
[GIN-debug] POST   /api/auth/users/bulk-delete --> backend_axenta/api.BulkDeleteUsers (5 handlers)
[GIN-debug] GET    /api/auth/roles           --> backend_axenta/api.GetRoles (5 handlers)
[GIN-debug] GET    /api/auth/roles/:id       --> backend_axenta/api.GetRole (5 handlers)
[GIN-debug] POST   /api/auth/roles           --> backend_axenta/api.CreateRole (5 handlers)
[GIN-debug] PUT    /api/auth/roles/:id       --> backend_axenta/api.UpdateRole (5 handlers)
[GIN-debug] DELETE /api/auth/roles/:id       --> backend_axenta/api.DeleteRole (5 handlers)
[GIN-debug] PUT    /api/auth/roles/:id/permissions --> backend_axenta/api.UpdateRolePermissions (5 handlers)
[GIN-debug] GET    /api/auth/permissions     --> backend_axenta/api.GetPermissions (5 handlers)
[GIN-debug] POST   /api/auth/permissions     --> backend_axenta/api.CreatePermission (5 handlers)
[GIN-debug] GET    /api/auth/user-templates  --> backend_axenta/api.GetUserTemplates (5 handlers)
[GIN-debug] GET    /api/auth/user-templates/:id --> backend_axenta/api.GetUserTemplate (5 handlers)
[GIN-debug] POST   /api/auth/user-templates  --> backend_axenta/api.CreateUserTemplate (5 handlers)
[GIN-debug] PUT    /api/auth/user-templates/:id --> backend_axenta/api.UpdateUserTemplate (5 handlers)
[GIN-debug] DELETE /api/auth/user-templates/:id --> backend_axenta/api.DeleteUserTemplate (5 handlers)
2025/10/15 22:28:15 🔧 Registering /auth/ prefixed endpoints for frontend compatibility...
[GIN-debug] GET    /api/auth/auth/users      --> backend_axenta/api.GetUsersFromAxentaCloud (5 handlers)
[GIN-debug] GET    /api/auth/auth/users/     --> backend_axenta/api.GetUsersFromAxentaCloud (5 handlers)
[GIN-debug] GET    /api/auth/auth/users/stats --> backend_axenta/api.GetUsersStatsFromAxentaCloud (5 handlers)
[GIN-debug] GET    /api/auth/auth/users/stats/ --> backend_axenta/api.GetUsersStatsFromAxentaCloud (5 handlers)
[GIN-debug] GET    /api/auth/auth/users/:id  --> backend_axenta/api.GetUser (5 handlers)
[GIN-debug] POST   /api/auth/auth/users      --> backend_axenta/api.CreateUser (5 handlers)
[GIN-debug] PUT    /api/auth/auth/users/:id  --> backend_axenta/api.UpdateUser (5 handlers)
[GIN-debug] DELETE /api/auth/auth/users/:id  --> backend_axenta/api.DeleteUser (5 handlers)
[GIN-debug] POST   /api/auth/auth/users/bulk-delete --> backend_axenta/api.BulkDeleteUsers (5 handlers)
[GIN-debug] GET    /api/auth/auth/roles      --> backend_axenta/api.GetRoles (5 handlers)
[GIN-debug] GET    /api/auth/auth/roles/:id  --> backend_axenta/api.GetRole (5 handlers)
[GIN-debug] POST   /api/auth/auth/roles      --> backend_axenta/api.CreateRole (5 handlers)
[GIN-debug] PUT    /api/auth/auth/roles/:id  --> backend_axenta/api.UpdateRole (5 handlers)
[GIN-debug] DELETE /api/auth/auth/roles/:id  --> backend_axenta/api.DeleteRole (5 handlers)
[GIN-debug] PUT    /api/auth/auth/roles/:id/permissions --> backend_axenta/api.UpdateRolePermissions (5 handlers)
[GIN-debug] GET    /api/auth/auth/permissions --> backend_axenta/api.GetPermissions (5 handlers)
[GIN-debug] POST   /api/auth/auth/permissions --> backend_axenta/api.CreatePermission (5 handlers)
[GIN-debug] GET    /api/auth/auth/user-templates --> backend_axenta/api.GetUserTemplates (5 handlers)
[GIN-debug] GET    /api/auth/auth/user-templates/:id --> backend_axenta/api.GetUserTemplate (5 handlers)
[GIN-debug] POST   /api/auth/auth/user-templates --> backend_axenta/api.CreateUserTemplate (5 handlers)
[GIN-debug] PUT    /api/auth/auth/user-templates/:id --> backend_axenta/api.UpdateUserTemplate (5 handlers)
[GIN-debug] DELETE /api/auth/auth/user-templates/:id --> backend_axenta/api.DeleteUserTemplate (5 handlers)
2025/10/15 22:28:15 🔧 Registering Axenta users management endpoints...
[GIN-debug] GET    /api/auth/axenta-users    --> backend_axenta/api.GetAxentaUsers (5 handlers)
[GIN-debug] GET    /api/auth/axenta-users/stats --> backend_axenta/api.GetUsersByAxentaType (5 handlers)
[GIN-debug] POST   /api/auth/axenta-users/local --> backend_axenta/api.CreateLocalUser (5 handlers)
[GIN-debug] PUT    /api/auth/axenta-users/:id/role --> backend_axenta/api.UpdateUserAxentaRole (5 handlers)
[GIN-debug] POST   /api/auth/axenta-users/sync --> backend_axenta/api.SyncUserWithAxenta (5 handlers)
[GIN-debug] POST   /api/auth/axenta-users/ensure-roles --> backend_axenta/api.EnsureAxentaRoles (5 handlers)
[GIN-debug] POST   /api/auth/axenta-users/sync-all --> backend_axenta/api.SyncAllAxentaUsers (5 handlers)
[GIN-debug] GET    /api/auth/users/synced    --> backend_axenta/api.GetSyncedUsersFromLocal (5 handlers)
[GIN-debug] GET    /api/auth/test/roles      --> backend_axenta/api.TestRolesCreation (5 handlers)
[GIN-debug] GET    /api/auth/test/user-role  --> backend_axenta/api.TestUserWithRole (5 handlers)
[GIN-debug] GET    /api/auth/contracts       --> backend_axenta/api.GetContracts (5 handlers)
[GIN-debug] GET    /api/auth/contracts/:id   --> backend_axenta/api.GetContract (5 handlers)
[GIN-debug] POST   /api/auth/contracts       --> backend_axenta/api.CreateContract (5 handlers)
[GIN-debug] PUT    /api/auth/contracts/:id   --> backend_axenta/api.UpdateContract (5 handlers)
[GIN-debug] DELETE /api/auth/contracts/:id   --> backend_axenta/api.DeleteContract (5 handlers)
[GIN-debug] GET    /api/auth/contracts/expiring --> backend_axenta/api.GetExpiringContracts (5 handlers)
[GIN-debug] GET    /api/auth/billing/plans   --> backend_axenta/api.GetBillingPlans (5 handlers)
[GIN-debug] GET    /api/auth/billing/plans/:id --> backend_axenta/api.GetBillingPlan (5 handlers)
[GIN-debug] POST   /api/auth/billing/plans   --> backend_axenta/api.CreateBillingPlan (5 handlers)
[GIN-debug] PUT    /api/auth/billing/plans/:id --> backend_axenta/api.UpdateBillingPlan (5 handlers)
[GIN-debug] DELETE /api/auth/billing/plans/:id --> backend_axenta/api.DeleteBillingPlan (5 handlers)
[GIN-debug] GET    /api/auth/billing/subscriptions --> backend_axenta/api.GetSubscriptions (5 handlers)
[GIN-debug] POST   /api/auth/billing/subscriptions --> backend_axenta/api.CreateSubscription (5 handlers)
[GIN-debug] PUT    /api/auth/billing/subscriptions/:id --> backend_axenta/api.UpdateSubscription (5 handlers)
[GIN-debug] DELETE /api/auth/billing/subscriptions/:id --> backend_axenta/api.DeleteSubscription (5 handlers)
[GIN-debug] GET    /api/auth/subscriptions   --> backend_axenta/api.GetSubscriptions (5 handlers)
[GIN-debug] GET    /api/auth/billing-plans   --> backend_axenta/api.GetBillingPlans (5 handlers)
[GIN-debug] GET    /api/auth/billing/contracts/:contract_id/calculate --> backend_axenta/api.CalculateBilling (5 handlers)
[GIN-debug] POST   /api/auth/billing/contracts/:contract_id/invoice --> backend_axenta/api.GenerateInvoice (5 handlers)
[GIN-debug] GET    /api/auth/billing/invoices --> backend_axenta/api.GetInvoices (5 handlers)
[GIN-debug] GET    /api/auth/billing/invoices/:id --> backend_axenta/api.GetInvoice (5 handlers)
[GIN-debug] POST   /api/auth/billing/invoices/:id/payment --> backend_axenta/api.ProcessPayment (5 handlers)
[GIN-debug] POST   /api/auth/billing/invoices/:id/cancel --> backend_axenta/api.CancelInvoice (5 handlers)
[GIN-debug] GET    /api/auth/billing/history --> backend_axenta/api.GetBillingHistory (5 handlers)
[GIN-debug] GET    /api/auth/billing/invoices/overdue --> backend_axenta/api.GetOverdueInvoices (5 handlers)
[GIN-debug] GET    /api/auth/billing/settings --> backend_axenta/api.GetBillingSettings (5 handlers)
[GIN-debug] PUT    /api/auth/billing/settings --> backend_axenta/api.UpdateBillingSettings (5 handlers)
[GIN-debug] POST   /api/auth/billing/auto-generate --> backend_axenta/api.AutoGenerateInvoices (5 handlers)
[GIN-debug] POST   /api/auth/billing/process-deletions --> backend_axenta/api.ProcessScheduledDeletions (5 handlers)
[GIN-debug] GET    /api/auth/billing/statistics --> backend_axenta/api.GetBillingStatistics (5 handlers)
[GIN-debug] GET    /api/auth/billing/invoices/period --> backend_axenta/api.GetInvoicesByPeriod (5 handlers)
[GIN-debug] GET    /test/installations       --> main.main.func15 (4 handlers)
[GIN-debug] GET    /api/installations/statistics --> main.main.func16 (4 handlers)
[GIN-debug] GET    /api/installers           --> main.main.func17 (4 handlers)
[GIN-debug] GET    /api/equipment            --> main.main.func18 (4 handlers)
[GIN-debug] GET    /api/locations            --> main.main.func19 (4 handlers)
[GIN-debug] POST   /api/auth/warehouse/operations --> backend_axenta/api.(*WarehouseAPI).CreateWarehouseOperation-fm (5 handlers)
[GIN-debug] GET    /api/auth/warehouse/operations --> backend_axenta/api.(*WarehouseAPI).GetWarehouseOperations-fm (5 handlers)
[GIN-debug] POST   /api/auth/warehouse/transfer --> backend_axenta/api.(*WarehouseAPI).TransferEquipment-fm (5 handlers)
[GIN-debug] GET    /api/auth/warehouse/alerts --> backend_axenta/api.(*WarehouseAPI).GetStockAlerts-fm (5 handlers)
[GIN-debug] POST   /api/auth/warehouse/alerts --> backend_axenta/api.(*WarehouseAPI).CreateStockAlert-fm (5 handlers)
[GIN-debug] PUT    /api/auth/warehouse/alerts/:id/acknowledge --> backend_axenta/api.(*WarehouseAPI).AcknowledgeStockAlert-fm (5 handlers)
[GIN-debug] PUT    /api/auth/warehouse/alerts/:id/resolve --> backend_axenta/api.(*WarehouseAPI).ResolveStockAlert-fm (5 handlers)
[GIN-debug] GET    /api/auth/warehouse/statistics --> backend_axenta/api.(*WarehouseAPI).GetWarehouseStatistics-fm (5 handlers)
[GIN-debug] POST   /api/auth/1c/setup        --> backend_axenta/api.(*OneCIntegrationAPI).SetupIntegration-fm (5 handlers)
[GIN-debug] PUT    /api/auth/1c/setup        --> backend_axenta/api.(*OneCIntegrationAPI).UpdateIntegration-fm (5 handlers)
[GIN-debug] GET    /api/auth/1c/config       --> backend_axenta/api.(*OneCIntegrationAPI).GetIntegrationConfig-fm (5 handlers)
[GIN-debug] DELETE /api/auth/1c/setup        --> backend_axenta/api.(*OneCIntegrationAPI).DeleteIntegration-fm (5 handlers)
[GIN-debug] POST   /api/auth/1c/test-connection --> backend_axenta/api.(*OneCIntegrationAPI).TestConnection-fm (5 handlers)
[GIN-debug] POST   /api/auth/1c/export/payment-registry --> backend_axenta/api.(*OneCIntegrationAPI).ExportPaymentRegistry-fm (5 handlers)
[GIN-debug] POST   /api/auth/1c/export/payment-registry/auto --> backend_axenta/api.(*OneCIntegrationAPI).ScheduleAutoExport-fm (5 handlers)
[GIN-debug] POST   /api/auth/1c/import/counterparties --> backend_axenta/api.(*OneCIntegrationAPI).ImportCounterparties-fm (5 handlers)
[GIN-debug] POST   /api/auth/1c/sync/payment-statuses --> backend_axenta/api.(*OneCIntegrationAPI).SyncPaymentStatuses-fm (5 handlers)
[GIN-debug] GET    /api/auth/1c/errors       --> backend_axenta/api.(*OneCIntegrationAPI).GetIntegrationErrors-fm (5 handlers)
[GIN-debug] PUT    /api/auth/1c/errors/:id/resolve --> backend_axenta/api.(*OneCIntegrationAPI).ResolveError-fm (5 handlers)
[GIN-debug] GET    /api/auth/1c/status       --> backend_axenta/api.(*OneCIntegrationAPI).GetIntegrationStatus-fm (5 handlers)
[GIN-debug] GET    /api/auth/reports         --> backend_axenta/api.(*ReportsAPI).GetReports-fm (5 handlers)
[GIN-debug] POST   /api/auth/reports         --> backend_axenta/api.(*ReportsAPI).CreateReport-fm (5 handlers)
[GIN-debug] GET    /api/auth/reports/:id     --> backend_axenta/api.(*ReportsAPI).GetReport-fm (5 handlers)
[GIN-debug] PUT    /api/auth/reports/:id     --> backend_axenta/api.(*ReportsAPI).UpdateReport-fm (5 handlers)
[GIN-debug] DELETE /api/auth/reports/:id     --> backend_axenta/api.(*ReportsAPI).DeleteReport-fm (5 handlers)
[GIN-debug] POST   /api/auth/reports/:id/generate --> backend_axenta/api.(*ReportsAPI).GenerateReport-fm (5 handlers)
[GIN-debug] GET    /api/auth/reports/:id/download --> backend_axenta/api.(*ReportsAPI).DownloadReport-fm (5 handlers)
[GIN-debug] GET    /api/auth/reports/:id/status --> backend_axenta/api.(*ReportsAPI).GetReportStatus-fm (5 handlers)
[GIN-debug] GET    /api/auth/reports/templates --> backend_axenta/api.(*ReportsAPI).GetReportTemplates-fm (5 handlers)
[GIN-debug] POST   /api/auth/reports/templates --> backend_axenta/api.(*ReportsAPI).CreateReportTemplate-fm (5 handlers)
[GIN-debug] GET    /api/auth/reports/templates/:id --> backend_axenta/api.(*ReportsAPI).GetReportTemplate-fm (5 handlers)
[GIN-debug] PUT    /api/auth/reports/templates/:id --> backend_axenta/api.(*ReportsAPI).UpdateReportTemplate-fm (5 handlers)
[GIN-debug] DELETE /api/auth/reports/templates/:id --> backend_axenta/api.(*ReportsAPI).DeleteReportTemplate-fm (5 handlers)
[GIN-debug] GET    /api/auth/reports/schedules --> backend_axenta/api.(*ReportsAPI).GetReportSchedules-fm (5 handlers)
[GIN-debug] POST   /api/auth/reports/schedules --> backend_axenta/api.(*ReportsAPI).CreateReportSchedule-fm (5 handlers)
[GIN-debug] GET    /api/auth/reports/schedules/:id --> backend_axenta/api.(*ReportsAPI).GetReportSchedule-fm (5 handlers)
[GIN-debug] PUT    /api/auth/reports/schedules/:id --> backend_axenta/api.(*ReportsAPI).UpdateReportSchedule-fm (5 handlers)
[GIN-debug] DELETE /api/auth/reports/schedules/:id --> backend_axenta/api.(*ReportsAPI).DeleteReportSchedule-fm (5 handlers)
[GIN-debug] POST   /api/auth/reports/schedules/:id/run --> backend_axenta/api.(*ReportsAPI).RunScheduledReport-fm (5 handlers)
[GIN-debug] GET    /api/auth/reports/schedules/:id/status --> backend_axenta/api.(*ReportsAPI).GetScheduleStatus-fm (5 handlers)
[GIN-debug] GET    /api/auth/reports/executions --> backend_axenta/api.(*ReportsAPI).GetReportExecutions-fm (5 handlers)
[GIN-debug] GET    /api/auth/reports/executions/:id --> backend_axenta/api.(*ReportsAPI).GetReportExecution-fm (5 handlers)
[GIN-debug] GET    /api/auth/reports/stats   --> backend_axenta/api.(*ReportsAPI).GetReportsStats-fm (5 handlers)
2025/10/15 22:28:15 Server starting on port 8080...
[GIN-debug] [WARNING] You trusted all proxies, this is NOT safe. We recommend you to set a value.
Please check https://pkg.go.dev/github.com/gin-gonic/gin#readme-don-t-trust-all-proxies for details.
[GIN-debug] Listening and serving HTTP on :8080
[GIN-debug] [ERROR] listen tcp :8080: bind: address already in use
