2025/10/14 17:27:57 Starting Axenta Backend Server...
2025/10/14 17:27:57 🔧 DEBUG: Main function started
2025/10/14 17:27:57 === Application Configuration ===
2025/10/14 17:27:57 Environment: development
2025/10/14 17:27:57 Port: 8080
2025/10/14 17:27:57 Database Host: localhost:5432
2025/10/14 17:27:57 Database Name: axenta_db
2025/10/14 17:27:57 Redis Host: localhost:6379
2025/10/14 17:27:57 Axenta API URL: https://api.axetna.cloud
2025/10/14 17:27:57 JWT Issuer: axenta-crm
2025/10/14 17:27:57 Log Level: info
2025/10/14 17:27:57 Debug Mode: false
2025/10/14 17:27:57 ================================
2025/10/14 17:27:57 ✅ База данных 'axenta_db' уже существует
2025/10/14 17:27:57 ✅ Успешно подключено к PostgreSQL
2025/10/14 17:27:57 🚀 Начинаем процесс миграции базы данных
2025/10/14 17:27:57 📋 Выполняем миграции глобальных таблиц (схема public)

2025/10/14 17:27:57 [32m/Users/com/backend_axenta/database/migrations.go:518
[0m[33m[1.858ms] [34;1m[rows:0][0m SET search_path TO public
2025/10/14 17:27:57 🔄 Миграция таблицы: companies (Таблица компаний (мультитенантность))

2025/10/14 17:27:57 [32m/Users/com/backend_axenta/database/migrations.go:242
[0m[33m[7.149ms] [34;1m[rows:1][0m 
		SELECT COUNT(*) 
		FROM information_schema.tables 
		WHERE table_schema = current_schema() 
		AND table_name = 'companies'
	

2025/10/14 17:27:57 [32m/Users/com/backend_axenta/database/migrations.go:482
[0m[33m[1.045ms] [34;1m[rows:1][0m SELECT count(*) FROM information_schema.tables WHERE table_schema = CURRENT_SCHEMA() AND table_name = 'companies' AND table_type = 'BASE TABLE'

2025/10/14 17:27:57 [32m/Users/com/backend_axenta/database/migrations.go:482
[0m[33m[0.486ms] [34;1m[rows:1][0m SELECT CURRENT_DATABASE()

2025/10/14 17:27:57 [32m/Users/com/backend_axenta/database/migrations.go:482
[0m[33m[15.539ms] [34;1m[rows:-][0m SELECT c.column_name, c.is_nullable = 'YES', c.udt_name, c.character_maximum_length, c.numeric_precision, c.numeric_precision_radix, c.numeric_scale, c.datetime_precision, 8 * typlen, c.column_default, pd.description, c.identity_increment FROM information_schema.columns AS c JOIN pg_type AS pgt ON c.udt_name = pgt.typname LEFT JOIN pg_catalog.pg_description as pd ON pd.objsubid = c.ordinal_position AND pd.objoid = (SELECT oid FROM pg_catalog.pg_class WHERE relname = c.table_name AND relnamespace = (SELECT oid FROM pg_catalog.pg_namespace WHERE nspname = c.table_schema)) where table_catalog = 'axenta_db' AND table_schema = CURRENT_SCHEMA() AND table_name = 'companies'

2025/10/14 17:27:57 [31;1m/Users/com/backend_axenta/database/migrations.go:482 [35;1minsufficient arguments
[0m[33m[0.057ms] [34;1m[rows:-][0m SELECT * FROM "companies" LIMIT 1
2025/10/14 17:27:57 ❌ Ошибка миграции companies: insufficient arguments
2025/10/14 17:27:57 ❌ Ошибка миграции companies: ошибка миграции: insufficient arguments
2025/10/14 17:27:57 ⚠️ Ошибка выполнения миграций: ошибка миграции глобальной таблицы companies: ошибка миграции: insufficient arguments
2025/10/14 17:27:57 Продолжаем работу - некоторые функции могут быть недоступны
2025/10/14 17:27:57 ✅ Успешно подключено к Redis
2025/10/14 17:27:57 ⚠️ Integration Service temporarily disabled
2025/10/14 17:27:57 ⚠️ Bitrix24 Integration Service temporarily disabled
2025/10/14 17:27:57 ✅ 1C Integration Service initialized successfully
2025/10/14 17:27:57 ⚠️ Notification System temporarily disabled
2025/10/14 17:27:57 🔧 Initializing default Axenta roles in public schema...

2025/10/14 17:27:57 [32m/Users/com/backend_axenta/services/axenta_user_service.go:298
[0m[33m[3.616ms] [34;1m[rows:1][0m SELECT * FROM "roles" WHERE name = 'partner' AND "roles"."deleted_at" IS NULL ORDER BY "roles"."id" LIMIT 1

2025/10/14 17:27:57 [32m/Users/com/backend_axenta/services/axenta_user_service.go:298
[0m[33m[0.260ms] [34;1m[rows:1][0m SELECT * FROM "roles" WHERE name = 'client' AND "roles"."deleted_at" IS NULL ORDER BY "roles"."id" LIMIT 1

2025/10/14 17:27:57 [32m/Users/com/backend_axenta/services/axenta_user_service.go:298
[0m[33m[0.264ms] [34;1m[rows:1][0m SELECT * FROM "roles" WHERE name = 'user' AND "roles"."deleted_at" IS NULL ORDER BY "roles"."id" LIMIT 1
2025/10/14 17:27:57 ✅ Default Axenta roles initialized successfully in public schema
[GIN-debug] [WARNING] Creating an Engine instance with the Logger and Recovery middleware already attached.

[GIN-debug] [WARNING] Running in "debug" mode. Switch to "release" mode in production.
 - using env:	export GIN_MODE=release
 - using code:	gin.SetMode(gin.ReleaseMode)

[GIN-debug] GET    /ping                     --> main.main.func1 (4 handlers)
[GIN-debug] POST   /api/auth/login           --> backend_axenta/api.Login (4 handlers)
[GIN-debug] GET    /api/debug/roles          --> backend_axenta/api.TestRolesCreation (4 handlers)
[GIN-debug] GET    /api/debug/user-role      --> backend_axenta/api.TestUserWithRole (4 handlers)
[GIN-debug] GET    /api/public/roles         --> backend_axenta/api.GetRolesPublic (4 handlers)
[GIN-debug] GET    /api/public/user-templates --> backend_axenta/api.GetUserTemplatesPublic (4 handlers)
[GIN-debug] POST   /api/local/login          --> backend_axenta/api.(*LocalAuthAPI).LocalLogin-fm (4 handlers)
[GIN-debug] POST   /api/local/refresh        --> backend_axenta/api.(*LocalAuthAPI).RefreshToken-fm (4 handlers)
[GIN-debug] GET    /api/local/current_user   --> backend_axenta/api.(*LocalAuthAPI).LocalCurrentUser-fm (5 handlers)
[GIN-debug] POST   /api/local/logout         --> backend_axenta/api.(*LocalAuthAPI).LocalLogout-fm (5 handlers)
[GIN-debug] POST   /api/local/register       --> backend_axenta/api.(*LocalAuthAPI).RegisterLocalUser-fm (6 handlers)
[GIN-debug] GET    /ws/live-data/:company_id --> backend_axenta/api.(*WebSocketAuthAPI).LiveData-fm (4 handlers)
[GIN-debug] GET    /api/test-objects-stats   --> main.main.func2 (4 handlers)
[GIN-debug] GET    /api/objects              --> main.main.func4 (4 handlers)
[GIN-debug] GET    /api/objects/             --> main.main.func4 (4 handlers)
[GIN-debug] GET    /api/objects/:id          --> main.main.func5 (4 handlers)
[GIN-debug] GET    /api/objects/:id/         --> main.main.func5 (4 handlers)
[GIN-debug] GET    /api/objects/stats        --> main.main.func6 (4 handlers)
[GIN-debug] GET    /api/objects/stats/       --> main.main.func6 (4 handlers)
[GIN-debug] GET    /api/object-templates     --> main.main.func7 (4 handlers)
[GIN-debug] GET    /api/object-templates/    --> main.main.func7 (4 handlers)
[GIN-debug] POST   /api/objects              --> main.main.func8 (4 handlers)
[GIN-debug] POST   /api/objects/             --> main.main.func8 (4 handlers)
[GIN-debug] POST   /api/objects/:id/create-template --> main.main.func9 (4 handlers)
[GIN-debug] POST   /api/objects/:id/create-template/ --> main.main.func9 (4 handlers)
[GIN-debug] PUT    /api/objects/:id          --> main.main.func10 (4 handlers)
[GIN-debug] PUT    /api/objects/:id/         --> main.main.func10 (4 handlers)
[GIN-debug] GET    /api/dashboard/stats      --> backend_axenta/api.GetDashboardStatsSimple (4 handlers)
[GIN-debug] GET    /api/dashboard/activity   --> backend_axenta/api.GetDashboardActivitySimple (4 handlers)
[GIN-debug] GET    /api/dashboard/layouts    --> backend_axenta/api.GetDashboardLayouts (4 handlers)
[GIN-debug] GET    /api/dashboard/layouts/default --> backend_axenta/api.GetDefaultDashboardLayout (4 handlers)
[GIN-debug] GET    /api/notifications        --> backend_axenta/api.GetDashboardNotificationsSimple (4 handlers)
[GIN-debug] GET    /api/billing-plans-simple --> backend_axenta/api.GetBillingPlansSimple (4 handlers)
[GIN-debug] GET    /api/subscriptions-simple --> backend_axenta/api.GetSubscriptionsSimple (4 handlers)
[GIN-debug] GET    /api/admin/accounts       --> backend_axenta/api.(*CompaniesAPI).GetCompanies-fm (5 handlers)
[GIN-debug] POST   /api/admin/accounts       --> backend_axenta/api.(*CompaniesAPI).CreateCompany-fm (5 handlers)
[GIN-debug] GET    /api/admin/accounts/filter-options --> backend_axenta/api.(*CompaniesAPI).GetFilterOptions-fm (5 handlers)
[GIN-debug] GET    /api/admin/accounts/list  --> backend_axenta/api.(*CompaniesAPI).GetCompaniesList-fm (5 handlers)
[GIN-debug] POST   /api/admin/accounts/bulk-delete --> backend_axenta/api.(*CompaniesAPI).BulkDeleteCompanies-fm (5 handlers)
[GIN-debug] POST   /api/admin/accounts/bulk-activate --> backend_axenta/api.(*CompaniesAPI).BulkActivateCompanies-fm (5 handlers)
[GIN-debug] POST   /api/admin/accounts/bulk-deactivate --> backend_axenta/api.(*CompaniesAPI).BulkDeactivateCompanies-fm (5 handlers)
[GIN-debug] GET    /api/admin/accounts/:id   --> backend_axenta/api.(*CompaniesAPI).GetCompany-fm (5 handlers)
[GIN-debug] PUT    /api/admin/accounts/:id   --> backend_axenta/api.(*CompaniesAPI).UpdateCompany-fm (5 handlers)
[GIN-debug] DELETE /api/admin/accounts/:id   --> backend_axenta/api.(*CompaniesAPI).DeleteCompany-fm (5 handlers)
[GIN-debug] PUT    /api/admin/accounts/:id/activate --> backend_axenta/api.(*CompaniesAPI).ActivateCompany-fm (5 handlers)
[GIN-debug] PUT    /api/admin/accounts/:id/deactivate --> backend_axenta/api.(*CompaniesAPI).DeactivateCompany-fm (5 handlers)
[GIN-debug] GET    /api/admin/accounts/:id/usage --> backend_axenta/api.(*CompaniesAPI).GetCompanyUsage-fm (5 handlers)
[GIN-debug] POST   /api/admin/accounts/:id/test-connection --> backend_axenta/api.(*CompaniesAPI).TestCompanyConnection-fm (5 handlers)
[GIN-debug] GET    /api/test/installations   --> backend_axenta/api.(*InstallationAPI).GetInstallations-fm (4 handlers)
[GIN-debug] GET    /api/test/installations/statistics --> main.main.func11 (4 handlers)
[GIN-debug] GET    /api/test/installers      --> backend_axenta/api.(*InstallerAPI).GetInstallers-fm (4 handlers)
[GIN-debug] GET    /api/test/locations       --> backend_axenta/api.(*LocationAPI).GetLocations-fm (4 handlers)
[GIN-debug] GET    /api/test/equipment       --> backend_axenta/api.(*EquipmentAPI).GetEquipment-fm (4 handlers)
2025/10/14 17:27:57 🔧 Registering authenticated API endpoints...
2025/10/14 17:27:57 ✅ Axenta Cloud authentication enabled for /api/auth endpoints (without multitenancy)
2025/10/14 17:27:57 🔧 Registering Axenta Cloud proxy endpoints...
[GIN-debug] GET    /api/auth/objects         --> backend_axenta/api.GetObjectsFromAxentaCloud (5 handlers)
[GIN-debug] GET    /api/auth/objects/        --> backend_axenta/api.GetObjectsFromAxentaCloud (5 handlers)
[GIN-debug] GET    /api/auth/objects/stats   --> backend_axenta/api.GetObjectsStatsFromAxentaCloud (5 handlers)
[GIN-debug] GET    /api/auth/objects/stats/  --> backend_axenta/api.GetObjectsStatsFromAxentaCloud (5 handlers)
[GIN-debug] GET    /api/auth/cms/objects     --> backend_axenta/api.GetObjectsFromAxentaCloud (5 handlers)
[GIN-debug] GET    /api/auth/cms/objects/    --> backend_axenta/api.GetObjectsFromAxentaCloud (5 handlers)
[GIN-debug] GET    /api/auth/cms/objects/stats --> backend_axenta/api.GetObjectsStatsFromAxentaCloud (5 handlers)
[GIN-debug] GET    /api/auth/cms/objects/stats/ --> backend_axenta/api.GetObjectsStatsFromAxentaCloud (5 handlers)
[GIN-debug] GET    /api/auth/objects/:id     --> backend_axenta/api.GetObject (5 handlers)
[GIN-debug] GET    /api/auth/objects/:id/    --> backend_axenta/api.GetObject (5 handlers)
[GIN-debug] POST   /api/auth/objects         --> backend_axenta/api.CreateObject (5 handlers)
[GIN-debug] POST   /api/auth/objects/        --> backend_axenta/api.CreateObject (5 handlers)
[GIN-debug] PUT    /api/auth/objects/:id     --> backend_axenta/api.UpdateObject (5 handlers)
[GIN-debug] PUT    /api/auth/objects/:id/    --> backend_axenta/api.UpdateObject (5 handlers)
[GIN-debug] DELETE /api/auth/objects/:id     --> backend_axenta/api.DeleteObject (5 handlers)
[GIN-debug] DELETE /api/auth/objects/:id/    --> backend_axenta/api.DeleteObject (5 handlers)
[GIN-debug] PUT    /api/auth/objects/:id/schedule-delete --> backend_axenta/api.ScheduleObjectDelete (5 handlers)
[GIN-debug] PUT    /api/auth/objects/:id/schedule-delete/ --> backend_axenta/api.ScheduleObjectDelete (5 handlers)
[GIN-debug] PUT    /api/auth/objects/:id/cancel-delete --> backend_axenta/api.CancelScheduledDelete (5 handlers)
[GIN-debug] PUT    /api/auth/objects/:id/cancel-delete/ --> backend_axenta/api.CancelScheduledDelete (5 handlers)
[GIN-debug] GET    /api/auth/objects-trash   --> backend_axenta/api.GetDeletedObjects (5 handlers)
[GIN-debug] GET    /api/auth/objects-trash/  --> backend_axenta/api.GetDeletedObjects (5 handlers)
[GIN-debug] PUT    /api/auth/objects/:id/restore --> backend_axenta/api.RestoreObject (5 handlers)
[GIN-debug] PUT    /api/auth/objects/:id/restore/ --> backend_axenta/api.RestoreObject (5 handlers)
[GIN-debug] DELETE /api/auth/objects/:id/permanent --> backend_axenta/api.PermanentDeleteObject (5 handlers)
[GIN-debug] DELETE /api/auth/objects/:id/permanent/ --> backend_axenta/api.PermanentDeleteObject (5 handlers)
[GIN-debug] GET    /api/auth/cms/trash       --> backend_axenta/api.GetDeletedObjectsFromAxentaCloud (5 handlers)
[GIN-debug] GET    /api/auth/cms/trash/      --> backend_axenta/api.GetDeletedObjectsFromAxentaCloud (5 handlers)
[GIN-debug] GET    /api/auth/object-templates --> main.main.func12 (5 handlers)
[GIN-debug] GET    /api/auth/object-templates/ --> main.main.func13 (5 handlers)
2025/10/14 17:27:57 🔧 Registering users proxy endpoints...
[GIN-debug] GET    /api/auth/users           --> backend_axenta/api.GetUsersFromAxentaCloud (5 handlers)
[GIN-debug] GET    /api/auth/users/          --> backend_axenta/api.GetUsersFromAxentaCloud (5 handlers)
[GIN-debug] GET    /api/auth/users/stats     --> backend_axenta/api.GetUsersStatsFromAxentaCloud (5 handlers)
[GIN-debug] GET    /api/auth/users/stats/    --> backend_axenta/api.GetUsersStatsFromAxentaCloud (5 handlers)
[GIN-debug] GET    /api/auth/cms/users       --> backend_axenta/api.GetUsersFromAxentaCloud (5 handlers)
[GIN-debug] GET    /api/auth/cms/users/      --> backend_axenta/api.GetUsersFromAxentaCloud (5 handlers)
[GIN-debug] GET    /api/auth/cms/users/stats --> backend_axenta/api.GetUsersStatsFromAxentaCloud (5 handlers)
[GIN-debug] GET    /api/auth/cms/users/stats/ --> backend_axenta/api.GetUsersStatsFromAxentaCloud (5 handlers)
[GIN-debug] GET    /api/auth/local/users/:id --> backend_axenta/api.GetUser (5 handlers)
[GIN-debug] POST   /api/auth/local/users     --> backend_axenta/api.CreateUser (5 handlers)
2025/10/14 17:27:57 🔧 Registering accounts proxy endpoints...
[GIN-debug] GET    /api/auth/accounts        --> backend_axenta/handlers.(*AccountsHandler).GetAccounts-fm (5 handlers)
[GIN-debug] GET    /api/auth/accounts/       --> backend_axenta/handlers.(*AccountsHandler).GetAccounts-fm (5 handlers)
[GIN-debug] GET    /api/auth/accounts/:id    --> backend_axenta/handlers.(*AccountsHandler).GetAccount-fm (5 handlers)
[GIN-debug] GET    /api/auth/accounts/:id/   --> backend_axenta/handlers.(*AccountsHandler).GetAccount-fm (5 handlers)
[GIN-debug] GET    /api/auth/admin/accounts/list --> main.main.func14 (5 handlers)
[GIN-debug] PUT    /api/auth/users/:id       --> backend_axenta/api.UpdateUser (5 handlers)
[GIN-debug] DELETE /api/auth/users/:id       --> backend_axenta/api.DeleteUser (5 handlers)
[GIN-debug] POST   /api/auth/users/bulk-delete --> backend_axenta/api.BulkDeleteUsers (5 handlers)
[GIN-debug] GET    /api/auth/roles           --> backend_axenta/api.GetRoles (5 handlers)
[GIN-debug] GET    /api/auth/roles/:id       --> backend_axenta/api.GetRole (5 handlers)
[GIN-debug] POST   /api/auth/roles           --> backend_axenta/api.CreateRole (5 handlers)
[GIN-debug] PUT    /api/auth/roles/:id       --> backend_axenta/api.UpdateRole (5 handlers)
[GIN-debug] DELETE /api/auth/roles/:id       --> backend_axenta/api.DeleteRole (5 handlers)
[GIN-debug] PUT    /api/auth/roles/:id/permissions --> backend_axenta/api.UpdateRolePermissions (5 handlers)
[GIN-debug] GET    /api/auth/permissions     --> backend_axenta/api.GetPermissions (5 handlers)
[GIN-debug] POST   /api/auth/permissions     --> backend_axenta/api.CreatePermission (5 handlers)
[GIN-debug] GET    /api/auth/user-templates  --> backend_axenta/api.GetUserTemplates (5 handlers)
[GIN-debug] GET    /api/auth/user-templates/:id --> backend_axenta/api.GetUserTemplate (5 handlers)
[GIN-debug] POST   /api/auth/user-templates  --> backend_axenta/api.CreateUserTemplate (5 handlers)
[GIN-debug] PUT    /api/auth/user-templates/:id --> backend_axenta/api.UpdateUserTemplate (5 handlers)
[GIN-debug] DELETE /api/auth/user-templates/:id --> backend_axenta/api.DeleteUserTemplate (5 handlers)
2025/10/14 17:27:57 🔧 Registering /auth/ prefixed endpoints for frontend compatibility...
[GIN-debug] GET    /api/auth/auth/users      --> backend_axenta/api.GetUsersFromAxentaCloud (5 handlers)
[GIN-debug] GET    /api/auth/auth/users/     --> backend_axenta/api.GetUsersFromAxentaCloud (5 handlers)
[GIN-debug] GET    /api/auth/auth/users/stats --> backend_axenta/api.GetUsersStatsFromAxentaCloud (5 handlers)
[GIN-debug] GET    /api/auth/auth/users/stats/ --> backend_axenta/api.GetUsersStatsFromAxentaCloud (5 handlers)
[GIN-debug] GET    /api/auth/auth/users/:id  --> backend_axenta/api.GetUser (5 handlers)
[GIN-debug] POST   /api/auth/auth/users      --> backend_axenta/api.CreateUser (5 handlers)
[GIN-debug] PUT    /api/auth/auth/users/:id  --> backend_axenta/api.UpdateUser (5 handlers)
[GIN-debug] DELETE /api/auth/auth/users/:id  --> backend_axenta/api.DeleteUser (5 handlers)
[GIN-debug] POST   /api/auth/auth/users/bulk-delete --> backend_axenta/api.BulkDeleteUsers (5 handlers)
[GIN-debug] GET    /api/auth/auth/roles      --> backend_axenta/api.GetRoles (5 handlers)
[GIN-debug] GET    /api/auth/auth/roles/:id  --> backend_axenta/api.GetRole (5 handlers)
[GIN-debug] POST   /api/auth/auth/roles      --> backend_axenta/api.CreateRole (5 handlers)
[GIN-debug] PUT    /api/auth/auth/roles/:id  --> backend_axenta/api.UpdateRole (5 handlers)
[GIN-debug] DELETE /api/auth/auth/roles/:id  --> backend_axenta/api.DeleteRole (5 handlers)
[GIN-debug] PUT    /api/auth/auth/roles/:id/permissions --> backend_axenta/api.UpdateRolePermissions (5 handlers)
[GIN-debug] GET    /api/auth/auth/permissions --> backend_axenta/api.GetPermissions (5 handlers)
[GIN-debug] POST   /api/auth/auth/permissions --> backend_axenta/api.CreatePermission (5 handlers)
[GIN-debug] GET    /api/auth/auth/user-templates --> backend_axenta/api.GetUserTemplates (5 handlers)
[GIN-debug] GET    /api/auth/auth/user-templates/:id --> backend_axenta/api.GetUserTemplate (5 handlers)
[GIN-debug] POST   /api/auth/auth/user-templates --> backend_axenta/api.CreateUserTemplate (5 handlers)
[GIN-debug] PUT    /api/auth/auth/user-templates/:id --> backend_axenta/api.UpdateUserTemplate (5 handlers)
[GIN-debug] DELETE /api/auth/auth/user-templates/:id --> backend_axenta/api.DeleteUserTemplate (5 handlers)
2025/10/14 17:27:57 🔧 Registering Axenta users management endpoints...
[GIN-debug] GET    /api/auth/axenta-users    --> backend_axenta/api.GetAxentaUsers (5 handlers)
[GIN-debug] GET    /api/auth/axenta-users/stats --> backend_axenta/api.GetUsersByAxentaType (5 handlers)
[GIN-debug] POST   /api/auth/axenta-users/local --> backend_axenta/api.CreateLocalUser (5 handlers)
[GIN-debug] PUT    /api/auth/axenta-users/:id/role --> backend_axenta/api.UpdateUserAxentaRole (5 handlers)
[GIN-debug] POST   /api/auth/axenta-users/sync --> backend_axenta/api.SyncUserWithAxenta (5 handlers)
[GIN-debug] POST   /api/auth/axenta-users/ensure-roles --> backend_axenta/api.EnsureAxentaRoles (5 handlers)
[GIN-debug] POST   /api/auth/axenta-users/sync-all --> backend_axenta/api.SyncAllAxentaUsers (5 handlers)
[GIN-debug] GET    /api/auth/users/synced    --> backend_axenta/api.GetSyncedUsersFromLocal (5 handlers)
[GIN-debug] GET    /api/auth/test/roles      --> backend_axenta/api.TestRolesCreation (5 handlers)
[GIN-debug] GET    /api/auth/test/user-role  --> backend_axenta/api.TestUserWithRole (5 handlers)
[GIN-debug] GET    /api/auth/contracts       --> backend_axenta/api.GetContracts (5 handlers)
[GIN-debug] GET    /api/auth/contracts/:id   --> backend_axenta/api.GetContract (5 handlers)
[GIN-debug] POST   /api/auth/contracts       --> backend_axenta/api.CreateContract (5 handlers)
[GIN-debug] PUT    /api/auth/contracts/:id   --> backend_axenta/api.UpdateContract (5 handlers)
[GIN-debug] DELETE /api/auth/contracts/:id   --> backend_axenta/api.DeleteContract (5 handlers)
[GIN-debug] GET    /api/auth/contracts/expiring --> backend_axenta/api.GetExpiringContracts (5 handlers)
[GIN-debug] GET    /api/auth/billing/plans   --> backend_axenta/api.GetBillingPlans (5 handlers)
[GIN-debug] GET    /api/auth/billing/plans/:id --> backend_axenta/api.GetBillingPlan (5 handlers)
[GIN-debug] POST   /api/auth/billing/plans   --> backend_axenta/api.CreateBillingPlan (5 handlers)
[GIN-debug] PUT    /api/auth/billing/plans/:id --> backend_axenta/api.UpdateBillingPlan (5 handlers)
[GIN-debug] DELETE /api/auth/billing/plans/:id --> backend_axenta/api.DeleteBillingPlan (5 handlers)
[GIN-debug] GET    /api/auth/billing/subscriptions --> backend_axenta/api.GetSubscriptions (5 handlers)
[GIN-debug] POST   /api/auth/billing/subscriptions --> backend_axenta/api.CreateSubscription (5 handlers)
[GIN-debug] PUT    /api/auth/billing/subscriptions/:id --> backend_axenta/api.UpdateSubscription (5 handlers)
[GIN-debug] DELETE /api/auth/billing/subscriptions/:id --> backend_axenta/api.DeleteSubscription (5 handlers)
[GIN-debug] GET    /api/auth/subscriptions   --> backend_axenta/api.GetSubscriptions (5 handlers)
[GIN-debug] GET    /api/auth/billing-plans   --> backend_axenta/api.GetBillingPlans (5 handlers)
[GIN-debug] GET    /api/auth/billing/contracts/:contract_id/calculate --> backend_axenta/api.CalculateBilling (5 handlers)
[GIN-debug] POST   /api/auth/billing/contracts/:contract_id/invoice --> backend_axenta/api.GenerateInvoice (5 handlers)
[GIN-debug] GET    /api/auth/billing/invoices --> backend_axenta/api.GetInvoices (5 handlers)
[GIN-debug] GET    /api/auth/billing/invoices/:id --> backend_axenta/api.GetInvoice (5 handlers)
[GIN-debug] POST   /api/auth/billing/invoices/:id/payment --> backend_axenta/api.ProcessPayment (5 handlers)
[GIN-debug] POST   /api/auth/billing/invoices/:id/cancel --> backend_axenta/api.CancelInvoice (5 handlers)
[GIN-debug] GET    /api/auth/billing/history --> backend_axenta/api.GetBillingHistory (5 handlers)
[GIN-debug] GET    /api/auth/billing/invoices/overdue --> backend_axenta/api.GetOverdueInvoices (5 handlers)
[GIN-debug] GET    /api/auth/billing/settings --> backend_axenta/api.GetBillingSettings (5 handlers)
[GIN-debug] PUT    /api/auth/billing/settings --> backend_axenta/api.UpdateBillingSettings (5 handlers)
[GIN-debug] POST   /api/auth/billing/auto-generate --> backend_axenta/api.AutoGenerateInvoices (5 handlers)
[GIN-debug] POST   /api/auth/billing/process-deletions --> backend_axenta/api.ProcessScheduledDeletions (5 handlers)
[GIN-debug] GET    /api/auth/billing/statistics --> backend_axenta/api.GetBillingStatistics (5 handlers)
[GIN-debug] GET    /api/auth/billing/invoices/period --> backend_axenta/api.GetInvoicesByPeriod (5 handlers)
[GIN-debug] GET    /test/installations       --> main.main.func15 (4 handlers)
[GIN-debug] GET    /api/installations/statistics --> main.main.func16 (4 handlers)
[GIN-debug] GET    /api/installers           --> main.main.func17 (4 handlers)
[GIN-debug] GET    /api/equipment            --> main.main.func18 (4 handlers)
[GIN-debug] GET    /api/locations            --> main.main.func19 (4 handlers)
[GIN-debug] POST   /api/auth/warehouse/operations --> backend_axenta/api.(*WarehouseAPI).CreateWarehouseOperation-fm (5 handlers)
[GIN-debug] GET    /api/auth/warehouse/operations --> backend_axenta/api.(*WarehouseAPI).GetWarehouseOperations-fm (5 handlers)
[GIN-debug] POST   /api/auth/warehouse/transfer --> backend_axenta/api.(*WarehouseAPI).TransferEquipment-fm (5 handlers)
[GIN-debug] GET    /api/auth/warehouse/alerts --> backend_axenta/api.(*WarehouseAPI).GetStockAlerts-fm (5 handlers)
[GIN-debug] POST   /api/auth/warehouse/alerts --> backend_axenta/api.(*WarehouseAPI).CreateStockAlert-fm (5 handlers)
[GIN-debug] PUT    /api/auth/warehouse/alerts/:id/acknowledge --> backend_axenta/api.(*WarehouseAPI).AcknowledgeStockAlert-fm (5 handlers)
[GIN-debug] PUT    /api/auth/warehouse/alerts/:id/resolve --> backend_axenta/api.(*WarehouseAPI).ResolveStockAlert-fm (5 handlers)
[GIN-debug] GET    /api/auth/warehouse/statistics --> backend_axenta/api.(*WarehouseAPI).GetWarehouseStatistics-fm (5 handlers)
[GIN-debug] POST   /api/auth/1c/setup        --> backend_axenta/api.(*OneCIntegrationAPI).SetupIntegration-fm (5 handlers)
[GIN-debug] PUT    /api/auth/1c/setup        --> backend_axenta/api.(*OneCIntegrationAPI).UpdateIntegration-fm (5 handlers)
[GIN-debug] GET    /api/auth/1c/config       --> backend_axenta/api.(*OneCIntegrationAPI).GetIntegrationConfig-fm (5 handlers)
[GIN-debug] DELETE /api/auth/1c/setup        --> backend_axenta/api.(*OneCIntegrationAPI).DeleteIntegration-fm (5 handlers)
[GIN-debug] POST   /api/auth/1c/test-connection --> backend_axenta/api.(*OneCIntegrationAPI).TestConnection-fm (5 handlers)
[GIN-debug] POST   /api/auth/1c/export/payment-registry --> backend_axenta/api.(*OneCIntegrationAPI).ExportPaymentRegistry-fm (5 handlers)
[GIN-debug] POST   /api/auth/1c/export/payment-registry/auto --> backend_axenta/api.(*OneCIntegrationAPI).ScheduleAutoExport-fm (5 handlers)
[GIN-debug] POST   /api/auth/1c/import/counterparties --> backend_axenta/api.(*OneCIntegrationAPI).ImportCounterparties-fm (5 handlers)
[GIN-debug] POST   /api/auth/1c/sync/payment-statuses --> backend_axenta/api.(*OneCIntegrationAPI).SyncPaymentStatuses-fm (5 handlers)
[GIN-debug] GET    /api/auth/1c/errors       --> backend_axenta/api.(*OneCIntegrationAPI).GetIntegrationErrors-fm (5 handlers)
[GIN-debug] PUT    /api/auth/1c/errors/:id/resolve --> backend_axenta/api.(*OneCIntegrationAPI).ResolveError-fm (5 handlers)
[GIN-debug] GET    /api/auth/1c/status       --> backend_axenta/api.(*OneCIntegrationAPI).GetIntegrationStatus-fm (5 handlers)
[GIN-debug] GET    /api/auth/reports         --> backend_axenta/api.(*ReportsAPI).GetReports-fm (5 handlers)
[GIN-debug] POST   /api/auth/reports         --> backend_axenta/api.(*ReportsAPI).CreateReport-fm (5 handlers)
[GIN-debug] GET    /api/auth/reports/:id     --> backend_axenta/api.(*ReportsAPI).GetReport-fm (5 handlers)
[GIN-debug] PUT    /api/auth/reports/:id     --> backend_axenta/api.(*ReportsAPI).UpdateReport-fm (5 handlers)
[GIN-debug] DELETE /api/auth/reports/:id     --> backend_axenta/api.(*ReportsAPI).DeleteReport-fm (5 handlers)
[GIN-debug] POST   /api/auth/reports/:id/generate --> backend_axenta/api.(*ReportsAPI).GenerateReport-fm (5 handlers)
[GIN-debug] GET    /api/auth/reports/:id/download --> backend_axenta/api.(*ReportsAPI).DownloadReport-fm (5 handlers)
[GIN-debug] GET    /api/auth/reports/:id/status --> backend_axenta/api.(*ReportsAPI).GetReportStatus-fm (5 handlers)
[GIN-debug] GET    /api/auth/reports/templates --> backend_axenta/api.(*ReportsAPI).GetReportTemplates-fm (5 handlers)
[GIN-debug] POST   /api/auth/reports/templates --> backend_axenta/api.(*ReportsAPI).CreateReportTemplate-fm (5 handlers)
[GIN-debug] GET    /api/auth/reports/templates/:id --> backend_axenta/api.(*ReportsAPI).GetReportTemplate-fm (5 handlers)
[GIN-debug] PUT    /api/auth/reports/templates/:id --> backend_axenta/api.(*ReportsAPI).UpdateReportTemplate-fm (5 handlers)
[GIN-debug] DELETE /api/auth/reports/templates/:id --> backend_axenta/api.(*ReportsAPI).DeleteReportTemplate-fm (5 handlers)
[GIN-debug] GET    /api/auth/reports/schedules --> backend_axenta/api.(*ReportsAPI).GetReportSchedules-fm (5 handlers)
[GIN-debug] POST   /api/auth/reports/schedules --> backend_axenta/api.(*ReportsAPI).CreateReportSchedule-fm (5 handlers)
[GIN-debug] GET    /api/auth/reports/schedules/:id --> backend_axenta/api.(*ReportsAPI).GetReportSchedule-fm (5 handlers)
[GIN-debug] PUT    /api/auth/reports/schedules/:id --> backend_axenta/api.(*ReportsAPI).UpdateReportSchedule-fm (5 handlers)
[GIN-debug] DELETE /api/auth/reports/schedules/:id --> backend_axenta/api.(*ReportsAPI).DeleteReportSchedule-fm (5 handlers)
[GIN-debug] POST   /api/auth/reports/schedules/:id/run --> backend_axenta/api.(*ReportsAPI).RunScheduledReport-fm (5 handlers)
[GIN-debug] GET    /api/auth/reports/schedules/:id/status --> backend_axenta/api.(*ReportsAPI).GetScheduleStatus-fm (5 handlers)
[GIN-debug] GET    /api/auth/reports/executions --> backend_axenta/api.(*ReportsAPI).GetReportExecutions-fm (5 handlers)
[GIN-debug] GET    /api/auth/reports/executions/:id --> backend_axenta/api.(*ReportsAPI).GetReportExecution-fm (5 handlers)
[GIN-debug] GET    /api/auth/reports/stats   --> backend_axenta/api.(*ReportsAPI).GetReportsStats-fm (5 handlers)
2025/10/14 17:27:57 Server starting on port 8080...
[GIN-debug] [WARNING] You trusted all proxies, this is NOT safe. We recommend you to set a value.
Please check https://pkg.go.dev/github.com/gin-gonic/gin#readme-don-t-trust-all-proxies for details.
[GIN-debug] Listening and serving HTTP on :8080

2025/10/14 17:27:57 [32m/Users/com/backend_axenta/services/report_scheduler_service.go:55
[0m[33m[1.872ms] [34;1m[rows:0][0m SELECT * FROM "report_schedules" WHERE is_active = true AND "report_schedules"."deleted_at" IS NULL
2025/10/14 17:27:57 Loaded 0 active report schedules
2025/10/14 17:27:57 Report scheduler started
[GIN] 2025/10/14 - 17:27:58 | 204 |     454.959µs |             ::1 | OPTIONS  "/api/auth/cms/objects/stats"
[GIN] 2025/10/14 - 17:27:58 | 204 |     328.333µs |             ::1 | OPTIONS  "/api/object-templates?page=1&per_page=50&ordering=name"
[GIN] 2025/10/14 - 17:27:58 | 204 |      20.166µs |             ::1 | OPTIONS  "/api/admin/accounts/list"
[GIN] 2025/10/14 - 17:27:58 | 200 |      375.25µs |             ::1 | GET      "/api/object-templates?page=1&per_page=50&ordering=name"
[GIN] 2025/10/14 - 17:27:58 | 200 |  246.973584ms |             ::1 | GET      "/api/admin/accounts/list"
[GIN] 2025/10/14 - 17:27:58 | 200 |  571.437041ms |             ::1 | GET      "/api/auth/cms/objects/stats"
[GIN] 2025/10/14 - 17:27:58 | 204 |          26µs |             ::1 | OPTIONS  "/api/auth/cms/trash/?page=1&per_page=1000"
[GIN] 2025/10/14 - 17:27:58 | 200 |  225.483417ms |             ::1 | GET      "/api/auth/cms/trash/?page=1&per_page=1000"
[GIN] 2025/10/14 - 17:28:00 | 204 |      114.75µs |             ::1 | OPTIONS  "/api/auth/cms/objects/?page=1&per_page=50&ordering=name"
[GIN] 2025/10/14 - 17:28:00 | 200 |  275.119709ms |             ::1 | GET      "/api/auth/cms/objects/?page=1&per_page=50&ordering=name"
[GIN] 2025/10/14 - 17:28:01 | 200 |  467.896458ms |             ::1 | GET      "/api/auth/cms/objects/stats"
[GIN] 2025/10/14 - 17:28:02 | 200 |  189.615167ms |             ::1 | GET      "/api/auth/cms/trash/?page=1&per_page=1000"
[GIN] 2025/10/14 - 17:28:02 | 200 |      54.584µs |             ::1 | GET      "/api/object-templates?page=1&per_page=50&ordering=name"
[GIN] 2025/10/14 - 17:28:02 | 200 |   84.706791ms |             ::1 | GET      "/api/admin/accounts/list"
[GIN] 2025/10/14 - 17:28:03 | 200 |  1.326262458s |             ::1 | GET      "/api/auth/cms/objects/stats"
[GIN] 2025/10/14 - 17:28:04 | 200 |  692.614833ms |             ::1 | GET      "/api/auth/cms/trash/?page=1&per_page=1000"
[GIN] 2025/10/14 - 17:28:05 | 200 |  183.093167ms |             ::1 | GET      "/api/auth/cms/trash/?page=1&per_page=1000"
[GIN] 2025/10/14 - 17:28:08 | 200 |  280.720792ms |             ::1 | GET      "/api/auth/cms/objects/?page=1&per_page=50&ordering=name"
[GIN] 2025/10/14 - 17:28:08 | 200 |  418.163125ms |             ::1 | GET      "/api/auth/cms/objects/stats"
[GIN] 2025/10/14 - 17:28:09 | 200 |  210.556791ms |             ::1 | GET      "/api/auth/cms/trash/?page=1&per_page=1000"
[GIN] 2025/10/14 - 17:28:09 | 200 |      67.875µs |             ::1 | GET      "/api/object-templates?page=1&per_page=50&ordering=name"
[GIN] 2025/10/14 - 17:28:09 | 200 |   92.485542ms |             ::1 | GET      "/api/admin/accounts/list"
[GIN] 2025/10/14 - 17:28:09 | 200 |  483.048125ms |             ::1 | GET      "/api/auth/cms/objects/stats"
[GIN] 2025/10/14 - 17:28:10 | 200 |  193.092291ms |             ::1 | GET      "/api/auth/cms/trash/?page=1&per_page=1000"
[GIN] 2025/10/14 - 17:28:10 | 200 |  186.927667ms |             ::1 | GET      "/api/auth/cms/trash/?page=1&per_page=5"
[GIN] 2025/10/14 - 17:28:11 | 200 |  244.920792ms |             ::1 | GET      "/api/auth/cms/objects/?page=1&per_page=50&ordering=name"
[GIN] 2025/10/14 - 17:28:12 | 200 |  429.907417ms |             ::1 | GET      "/api/auth/cms/objects/stats"
[GIN] 2025/10/14 - 17:28:13 | 200 |  202.638209ms |             ::1 | GET      "/api/auth/cms/trash/?page=1&per_page=1000"
[GIN] 2025/10/14 - 17:28:13 | 200 |      171.75µs |             ::1 | GET      "/api/object-templates?page=1&per_page=50&ordering=name"
[GIN] 2025/10/14 - 17:28:13 | 200 |   82.667417ms |             ::1 | GET      "/api/admin/accounts/list"
[GIN] 2025/10/14 - 17:28:13 | 200 |  475.700875ms |             ::1 | GET      "/api/auth/cms/objects/stats"
[GIN] 2025/10/14 - 17:28:14 | 200 |  184.078792ms |             ::1 | GET      "/api/auth/cms/trash/?page=1&per_page=1000"
[GIN] 2025/10/14 - 17:28:15 | 200 |    288.6075ms |             ::1 | GET      "/api/auth/cms/objects/?page=1&per_page=50&ordering=name"
[GIN] 2025/10/14 - 17:28:16 | 200 |  805.493917ms |             ::1 | GET      "/api/auth/cms/objects/stats"
[GIN] 2025/10/14 - 17:28:17 | 200 |  249.515833ms |             ::1 | GET      "/api/auth/cms/trash/?page=1&per_page=1000"
[GIN] 2025/10/14 - 17:28:17 | 200 |      75.042µs |             ::1 | GET      "/api/object-templates?page=1&per_page=50&ordering=name"
[GIN] 2025/10/14 - 17:28:17 | 200 |  232.274041ms |             ::1 | GET      "/api/admin/accounts/list"
[GIN] 2025/10/14 - 17:28:18 | 200 |   1.00631775s |             ::1 | GET      "/api/auth/cms/objects/stats"
[GIN] 2025/10/14 - 17:28:18 | 200 |  177.384041ms |             ::1 | GET      "/api/auth/cms/trash/?page=1&per_page=1000"
[GIN] 2025/10/14 - 17:29:06 | 200 |  308.729375ms |             ::1 | GET      "/api/auth/cms/objects/?page=1&per_page=50&ordering=name"
[GIN] 2025/10/14 - 17:29:07 | 200 |  544.030625ms |             ::1 | GET      "/api/auth/cms/objects/stats"
[GIN] 2025/10/14 - 17:29:08 | 200 |  232.842959ms |             ::1 | GET      "/api/auth/cms/trash/?page=1&per_page=1000"
[GIN] 2025/10/14 - 17:29:08 | 200 |    1.297792ms |             ::1 | GET      "/api/object-templates?page=1&per_page=50&ordering=name"
[GIN] 2025/10/14 - 17:29:08 | 200 |   83.744583ms |             ::1 | GET      "/api/admin/accounts/list"
[GIN] 2025/10/14 - 17:29:08 | 200 |   437.21325ms |             ::1 | GET      "/api/auth/cms/objects/stats"
[GIN] 2025/10/14 - 17:29:08 | 200 |  187.716875ms |             ::1 | GET      "/api/auth/cms/trash/?page=1&per_page=1000"
[GIN] 2025/10/14 - 17:29:10 | 200 |  228.891833ms |             ::1 | GET      "/api/auth/cms/objects/?page=1&per_page=50&ordering=name"
[GIN] 2025/10/14 - 17:29:11 | 200 |  544.483792ms |             ::1 | GET      "/api/auth/cms/objects/stats"
[GIN] 2025/10/14 - 17:29:11 | 200 |  182.331708ms |             ::1 | GET      "/api/auth/cms/trash/?page=1&per_page=1000"
[GIN] 2025/10/14 - 17:29:11 | 200 |      59.625µs |             ::1 | GET      "/api/object-templates?page=1&per_page=50&ordering=name"
[GIN] 2025/10/14 - 17:29:11 | 200 |   76.115791ms |             ::1 | GET      "/api/admin/accounts/list"
[GIN] 2025/10/14 - 17:29:12 | 200 |  437.338166ms |             ::1 | GET      "/api/auth/cms/objects/stats"
[GIN] 2025/10/14 - 17:29:12 | 200 |  200.583042ms |             ::1 | GET      "/api/auth/cms/trash/?page=1&per_page=1000"
[GIN] 2025/10/14 - 17:29:13 | 200 |  277.953583ms |             ::1 | GET      "/api/auth/cms/objects/?page=1&per_page=50&ordering=name"
[GIN] 2025/10/14 - 17:29:14 | 200 |  460.192542ms |             ::1 | GET      "/api/auth/cms/objects/stats"
[GIN] 2025/10/14 - 17:29:14 | 200 |     221.619ms |             ::1 | GET      "/api/auth/cms/trash/?page=1&per_page=1000"
[GIN] 2025/10/14 - 17:29:14 | 200 |          22µs |             ::1 | GET      "/api/object-templates?page=1&per_page=50&ordering=name"
[GIN] 2025/10/14 - 17:29:14 | 200 |   88.840833ms |             ::1 | GET      "/api/admin/accounts/list"
[GIN] 2025/10/14 - 17:29:15 | 200 |  439.515459ms |             ::1 | GET      "/api/auth/cms/objects/stats"
[GIN] 2025/10/14 - 17:29:15 | 200 |  188.563959ms |             ::1 | GET      "/api/auth/cms/trash/?page=1&per_page=1000"
[GIN] 2025/10/14 - 17:29:17 | 200 |  265.700625ms |             ::1 | GET      "/api/auth/cms/objects/?page=1&per_page=50&ordering=name"
[GIN] 2025/10/14 - 17:29:19 | 200 |  479.402334ms |             ::1 | GET      "/api/auth/cms/objects/stats"
[GIN] 2025/10/14 - 17:29:19 | 200 |  209.373042ms |             ::1 | GET      "/api/auth/cms/trash/?page=1&per_page=1000"
[GIN] 2025/10/14 - 17:29:19 | 200 |       41.75µs |             ::1 | GET      "/api/object-templates?page=1&per_page=50&ordering=name"
[GIN] 2025/10/14 - 17:29:19 | 200 |  107.527042ms |             ::1 | GET      "/api/admin/accounts/list"
[GIN] 2025/10/14 - 17:29:19 | 200 |  460.724834ms |             ::1 | GET      "/api/auth/cms/objects/stats"
[GIN] 2025/10/14 - 17:29:19 | 200 |  233.788333ms |             ::1 | GET      "/api/auth/cms/trash/?page=1&per_page=1000"
[GIN] 2025/10/14 - 17:29:23 | 200 |  296.749125ms |             ::1 | GET      "/api/auth/cms/objects/?page=1&per_page=50&ordering=name"
[GIN] 2025/10/14 - 17:29:25 | 200 |   562.80075ms |             ::1 | GET      "/api/auth/cms/objects/stats"
[GIN] 2025/10/14 - 17:29:25 | 200 |  228.132708ms |             ::1 | GET      "/api/auth/cms/trash/?page=1&per_page=1000"
[GIN] 2025/10/14 - 17:29:25 | 200 |      65.542µs |             ::1 | GET      "/api/object-templates?page=1&per_page=50&ordering=name"
[GIN] 2025/10/14 - 17:29:25 | 200 |   96.609125ms |             ::1 | GET      "/api/admin/accounts/list"
[GIN] 2025/10/14 - 17:29:25 | 200 |     487.388ms |             ::1 | GET      "/api/auth/cms/objects/stats"
[GIN] 2025/10/14 - 17:29:26 | 200 |  207.213792ms |             ::1 | GET      "/api/auth/cms/trash/?page=1&per_page=1000"
[GIN] 2025/10/14 - 17:29:27 | 200 |  291.802208ms |             ::1 | GET      "/api/auth/cms/objects/?page=1&per_page=50&ordering=name"
[GIN] 2025/10/14 - 17:29:29 | 200 |  564.505333ms |             ::1 | GET      "/api/auth/cms/objects/stats"
[GIN] 2025/10/14 - 17:29:29 | 200 |  211.501208ms |             ::1 | GET      "/api/auth/cms/trash/?page=1&per_page=1000"
[GIN] 2025/10/14 - 17:29:29 | 200 |          20µs |             ::1 | GET      "/api/object-templates?page=1&per_page=50&ordering=name"
[GIN] 2025/10/14 - 17:29:29 | 200 |   92.100334ms |             ::1 | GET      "/api/admin/accounts/list"
[GIN] 2025/10/14 - 17:29:29 | 200 |  401.447459ms |             ::1 | GET      "/api/auth/cms/objects/stats"
[GIN] 2025/10/14 - 17:29:29 | 200 |      200.26ms |             ::1 | GET      "/api/auth/cms/trash/?page=1&per_page=1000"
[GIN] 2025/10/14 - 17:29:34 | 200 |  503.199042ms |             ::1 | GET      "/api/auth/cms/objects/?page=1&per_page=50&ordering=name"
[GIN] 2025/10/14 - 17:29:35 | 200 |   460.60425ms |             ::1 | GET      "/api/auth/cms/objects/stats"
[GIN] 2025/10/14 - 17:29:35 | 200 |  211.824292ms |             ::1 | GET      "/api/auth/cms/trash/?page=1&per_page=1000"
[GIN] 2025/10/14 - 17:29:35 | 200 |     107.709µs |             ::1 | GET      "/api/object-templates?page=1&per_page=50&ordering=name"
[GIN] 2025/10/14 - 17:29:35 | 200 |   73.798083ms |             ::1 | GET      "/api/admin/accounts/list"
[GIN] 2025/10/14 - 17:29:35 | 200 |  427.010625ms |             ::1 | GET      "/api/auth/cms/objects/stats"
[GIN] 2025/10/14 - 17:29:36 | 200 |  199.944292ms |             ::1 | GET      "/api/auth/cms/trash/?page=1&per_page=1000"
[GIN] 2025/10/14 - 17:29:43 | 200 |  257.952709ms |             ::1 | GET      "/api/auth/cms/objects/?page=1&per_page=50&ordering=name"
[GIN] 2025/10/14 - 17:29:44 | 200 |  444.687625ms |             ::1 | GET      "/api/auth/cms/objects/stats"
[GIN] 2025/10/14 - 17:29:44 | 200 |   218.80025ms |             ::1 | GET      "/api/auth/cms/trash/?page=1&per_page=1000"
[GIN] 2025/10/14 - 17:29:44 | 200 |      57.458µs |             ::1 | GET      "/api/object-templates?page=1&per_page=50&ordering=name"
[GIN] 2025/10/14 - 17:29:44 | 200 |   79.760375ms |             ::1 | GET      "/api/admin/accounts/list"
[GIN] 2025/10/14 - 17:29:45 | 200 |  553.499083ms |             ::1 | GET      "/api/auth/cms/objects/stats"
[GIN] 2025/10/14 - 17:29:45 | 200 |  174.081875ms |             ::1 | GET      "/api/auth/cms/trash/?page=1&per_page=1000"
[GIN] 2025/10/14 - 17:29:47 | 200 |  292.965584ms |             ::1 | GET      "/api/auth/cms/objects/?page=1&per_page=50&ordering=name"
[GIN] 2025/10/14 - 17:29:48 | 200 |  649.733334ms |             ::1 | GET      "/api/auth/cms/objects/stats"
[GIN] 2025/10/14 - 17:29:48 | 200 |  202.558833ms |             ::1 | GET      "/api/auth/cms/trash/?page=1&per_page=1000"
[GIN] 2025/10/14 - 17:29:48 | 200 |      49.125µs |             ::1 | GET      "/api/object-templates?page=1&per_page=50&ordering=name"
[GIN] 2025/10/14 - 17:29:48 | 200 |   89.203333ms |             ::1 | GET      "/api/admin/accounts/list"
[GIN] 2025/10/14 - 17:29:49 | 200 |  479.654375ms |             ::1 | GET      "/api/auth/cms/objects/stats"
[GIN] 2025/10/14 - 17:29:49 | 200 |  200.596625ms |             ::1 | GET      "/api/auth/cms/trash/?page=1&per_page=1000"
[GIN] 2025/10/14 - 17:29:53 | 200 |  271.038417ms |             ::1 | GET      "/api/auth/cms/objects/?page=1&per_page=50&ordering=name"
[GIN] 2025/10/14 - 17:29:54 | 200 |  439.089041ms |             ::1 | GET      "/api/auth/cms/objects/stats"
[GIN] 2025/10/14 - 17:29:54 | 200 |  326.603417ms |             ::1 | GET      "/api/auth/cms/trash/?page=1&per_page=1000"
[GIN] 2025/10/14 - 17:29:54 | 200 |      68.166µs |             ::1 | GET      "/api/object-templates?page=1&per_page=50&ordering=name"
[GIN] 2025/10/14 - 17:29:55 | 200 |  133.186166ms |             ::1 | GET      "/api/admin/accounts/list"
[GIN] 2025/10/14 - 17:29:55 | 200 |  533.060417ms |             ::1 | GET      "/api/auth/cms/objects/stats"
[GIN] 2025/10/14 - 17:29:55 | 200 |  176.944333ms |             ::1 | GET      "/api/auth/cms/trash/?page=1&per_page=1000"
